Archive member included because of file (symbol)

D:\Workspace\atmelstudio\arduinoCore\Uno\libcore.a(wiring.c.o)
                              libraries/RTClib.o (millis)
D:\Workspace\atmelstudio\arduinoCore\Uno\libcore.a(wiring_analog.c.o)
                              Logging.o (analogRead)
D:\Workspace\atmelstudio\arduinoCore\Uno\libcore.a(wiring_digital.c.o)
                              libraries/Sd2Card.o (pinMode)
D:\Workspace\atmelstudio\arduinoCore\Uno\libcore.a(HardwareSerial.cpp.o)
                              libraries/SdFile.o (Serial)
D:\Workspace\atmelstudio\arduinoCore\Uno\libcore.a(IPAddress.cpp.o)
                              libraries/Dhcp.o (vtable for IPAddress)
D:\Workspace\atmelstudio\arduinoCore\Uno\libcore.a(main.cpp.o)
                              c:/program files (x86)/atmel/atmel studio 6.0/extensions/atmel/avrgcc/3.4.1.95/avrtoolchain/bin/../lib/gcc/avr/4.6.2/../../../../avr/lib/avr5/crtm328p.o (main)
D:\Workspace\atmelstudio\arduinoCore\Uno\libcore.a(new.cpp.o)
                              libraries/Flash.o (__cxa_pure_virtual)
D:\Workspace\atmelstudio\arduinoCore\Uno\libcore.a(Print.cpp.o)
                              libraries/EthernetClient.o (Print::write(unsigned char const*, unsigned int))
D:\Workspace\atmelstudio\arduinoCore\Uno\libcore.a(WMath.cpp.o)
                              Logging.o (makeWord(unsigned int))
D:\Workspace\atmelstudio\arduinoCore\Uno\libcore.a(WString.cpp.o)
                              Logging.o (String::charAt(unsigned int) const)
c:/program files (x86)/atmel/atmel studio 6.0/extensions/atmel/avrgcc/3.4.1.95/avrtoolchain/bin/../lib/gcc/avr/4.6.2/../../../../avr/lib/avr5\libm.a(addsf3.o)
                              D:\Workspace\atmelstudio\arduinoCore\Uno\libcore.a(Print.cpp.o) (__subsf3)
c:/program files (x86)/atmel/atmel studio 6.0/extensions/atmel/avrgcc/3.4.1.95/avrtoolchain/bin/../lib/gcc/avr/4.6.2/../../../../avr/lib/avr5\libm.a(addsf3x.o)
                              c:/program files (x86)/atmel/atmel studio 6.0/extensions/atmel/avrgcc/3.4.1.95/avrtoolchain/bin/../lib/gcc/avr/4.6.2/../../../../avr/lib/avr5\libm.a(addsf3.o) (__addsf3x)
c:/program files (x86)/atmel/atmel studio 6.0/extensions/atmel/avrgcc/3.4.1.95/avrtoolchain/bin/../lib/gcc/avr/4.6.2/../../../../avr/lib/avr5\libm.a(cmpsf2.o)
                              D:\Workspace\atmelstudio\arduinoCore\Uno\libcore.a(Print.cpp.o) (__ltsf2)
c:/program files (x86)/atmel/atmel studio 6.0/extensions/atmel/avrgcc/3.4.1.95/avrtoolchain/bin/../lib/gcc/avr/4.6.2/../../../../avr/lib/avr5\libm.a(divsf3.o)
                              D:\Workspace\atmelstudio\arduinoCore\Uno\libcore.a(Print.cpp.o) (__divsf3)
c:/program files (x86)/atmel/atmel studio 6.0/extensions/atmel/avrgcc/3.4.1.95/avrtoolchain/bin/../lib/gcc/avr/4.6.2/../../../../avr/lib/avr5\libm.a(divsf3x.o)
                              c:/program files (x86)/atmel/atmel studio 6.0/extensions/atmel/avrgcc/3.4.1.95/avrtoolchain/bin/../lib/gcc/avr/4.6.2/../../../../avr/lib/avr5\libm.a(divsf3.o) (__divsf3x)
c:/program files (x86)/atmel/atmel studio 6.0/extensions/atmel/avrgcc/3.4.1.95/avrtoolchain/bin/../lib/gcc/avr/4.6.2/../../../../avr/lib/avr5\libm.a(fixsfsi.o)
                              D:\Workspace\atmelstudio\arduinoCore\Uno\libcore.a(Print.cpp.o) (__fixsfsi)
c:/program files (x86)/atmel/atmel studio 6.0/extensions/atmel/avrgcc/3.4.1.95/avrtoolchain/bin/../lib/gcc/avr/4.6.2/../../../../avr/lib/avr5\libm.a(fixunssfsi.o)
                              D:\Workspace\atmelstudio\arduinoCore\Uno\libcore.a(Print.cpp.o) (__fixunssfsi)
c:/program files (x86)/atmel/atmel studio 6.0/extensions/atmel/avrgcc/3.4.1.95/avrtoolchain/bin/../lib/gcc/avr/4.6.2/../../../../avr/lib/avr5\libm.a(floatsisf.o)
                              D:\Workspace\atmelstudio\arduinoCore\Uno\libcore.a(Print.cpp.o) (__floatunsisf)
c:/program files (x86)/atmel/atmel studio 6.0/extensions/atmel/avrgcc/3.4.1.95/avrtoolchain/bin/../lib/gcc/avr/4.6.2/../../../../avr/lib/avr5\libm.a(fp_cmp.o)
                              c:/program files (x86)/atmel/atmel studio 6.0/extensions/atmel/avrgcc/3.4.1.95/avrtoolchain/bin/../lib/gcc/avr/4.6.2/../../../../avr/lib/avr5\libm.a(cmpsf2.o) (__fp_cmp)
c:/program files (x86)/atmel/atmel studio 6.0/extensions/atmel/avrgcc/3.4.1.95/avrtoolchain/bin/../lib/gcc/avr/4.6.2/../../../../avr/lib/avr5\libm.a(fp_inf.o)
                              c:/program files (x86)/atmel/atmel studio 6.0/extensions/atmel/avrgcc/3.4.1.95/avrtoolchain/bin/../lib/gcc/avr/4.6.2/../../../../avr/lib/avr5\libm.a(addsf3x.o) (__fp_inf)
c:/program files (x86)/atmel/atmel studio 6.0/extensions/atmel/avrgcc/3.4.1.95/avrtoolchain/bin/../lib/gcc/avr/4.6.2/../../../../avr/lib/avr5\libm.a(fp_nan.o)
                              c:/program files (x86)/atmel/atmel studio 6.0/extensions/atmel/avrgcc/3.4.1.95/avrtoolchain/bin/../lib/gcc/avr/4.6.2/../../../../avr/lib/avr5\libm.a(addsf3x.o) (__fp_nan)
[...]
Memory Configuration

Name             Origin             Length             Attributes
text             0x00000000         0x00020000         xr
data             0x00800060         0x0000ffa0         rw !x
eeprom           0x00810000         0x00010000         rw !x
fuse             0x00820000         0x00000400         rw !x
lock             0x00830000         0x00000400         rw !x
signature        0x00840000         0x00000400         rw !x
*default*        0x00000000         0xffffffff

Linker script and memory map

Address of section .data set to 0x800100
LOAD c:/program files (x86)/atmel/atmel studio 6.0/extensions/atmel/avrgcc/3.4.1.95/avrtoolchain/bin/../lib/gcc/avr/4.6.2/../../../../avr/lib/avr5/crtm328p.o
LOAD libraries/Flash.o
LOAD libraries/RTClib.o
LOAD libraries/TinyWebServer.o
LOAD libraries/EEPROM.o
LOAD libraries/Dhcp.o
LOAD libraries/Dns.o
LOAD libraries/Ethernet.o
LOAD libraries/EthernetClient.o
LOAD libraries/EthernetServer.o
LOAD libraries/EthernetUdp.o
LOAD libraries/socket.o
LOAD libraries/w5100.o
LOAD libraries/File.o
LOAD libraries/SD.o
LOAD libraries/Sd2Card.o
LOAD libraries/SdFile.o
LOAD libraries/SdVolume.o
LOAD libraries/SPI.o
LOAD libraries/twi.o
LOAD libraries/Wire.o
LOAD Logging.o
LOAD main.o
LOAD Webserver.o
START GROUP
LOAD c:/program files (x86)/atmel/atmel studio 6.0/extensions/atmel/avrgcc/3.4.1.95/avrtoolchain/bin/../lib/gcc/avr/4.6.2/../../../../avr/lib/avr5\libm.a
LOAD D:\Workspace\atmelstudio\arduinoCore\Uno\libcore.a
END GROUP
LOAD c:/program files (x86)/atmel/atmel studio 6.0/extensions/atmel/avrgcc/3.4.1.95/avrtoolchain/bin/../lib/gcc/avr/4.6.2/avr5\libgcc.a
LOAD c:/program files (x86)/atmel/atmel studio 6.0/extensions/atmel/avrgcc/3.4.1.95/avrtoolchain/bin/../lib/gcc/avr/4.6.2/../../../../avr/lib/avr5\libm.a
LOAD c:/program files (x86)/atmel/atmel studio 6.0/extensions/atmel/avrgcc/3.4.1.95/avrtoolchain/bin/../lib/gcc/avr/4.6.2/avr5\libgcc.a
LOAD c:/program files (x86)/atmel/atmel studio 6.0/extensions/atmel/avrgcc/3.4.1.95/avrtoolchain/bin/../lib/gcc/avr/4.6.2/../../../../avr/lib/avr5\libc.a
LOAD c:/program files (x86)/atmel/atmel studio 6.0/extensions/atmel/avrgcc/3.4.1.95/avrtoolchain/bin/../lib/gcc/avr/4.6.2/avr5\libgcc.a

.hash
 *(.hash)

.dynsym
 *(.dynsym)

.dynstr
 *(.dynstr)

.gnu.version
 *(.gnu.version)

.gnu.version_d
 *(.gnu.version_d)

.gnu.version_r
 *(.gnu.version_r)

.rel.init
 *(.rel.init)

.rela.init
 *(.rela.init)

.rel.text
 *(.rel.text)
 *(.rel.text.*)
 *(.rel.gnu.linkonce.t*)

.rela.text
 *(.rela.text)
 *(.rela.text.*)
 *(.rela.gnu.linkonce.t*)

.rel.fini
 *(.rel.fini)

.rela.fini
 *(.rela.fini)

.rel.rodata
 *(.rel.rodata)
 *(.rel.rodata.*)
 *(.rel.gnu.linkonce.r*)

.rela.rodata
 *(.rela.rodata)
 *(.rela.rodata.*)
 *(.rela.gnu.linkonce.r*)

.rel.data
 *(.rel.data)
 *(.rel.data.*)
 *(.rel.gnu.linkonce.d*)

.rela.data
 *(.rela.data)
 *(.rela.data.*)
 *(.rela.gnu.linkonce.d*)

.rel.ctors
 *(.rel.ctors)

.rela.ctors
 *(.rela.ctors)

.rel.dtors
 *(.rel.dtors)

.rela.dtors
 *(.rela.dtors)

.rel.got
 *(.rel.got)

.rela.got
 *(.rela.got)

.rel.bss
 *(.rel.bss)

.rela.bss
 *(.rela.bss)

.rel.plt
 *(.rel.plt)

.rela.plt
 *(.rela.plt)

.text           0x00000000     0x7cac
 *(.vectors)
 .vectors       0x00000000       0x68 c:/program files (x86)/atmel/atmel studio 6.0/extensions/atmel/avrgcc/3.4.1.95/avrtoolchain/bin/../lib/gcc/avr/4.6.2/../../../../avr/lib/avr5/crtm328p.o
                0x00000000                __vector_default
                0x00000000                __vectors
 *(.vectors)
 *(.progmem.gcc*)
 .progmem.gcc_sw_table
                0x00000068      0x192 libraries/twi.o
 *(.progmem*)
 .progmem.data  0x000001fa        0xc libraries/RTClib.o
 .progmem.data  0x00000206       0xc1 libraries/TinyWebServer.o
 .progmem.data  0x000002c7       0x10 libraries/SdFile.o
 .progmem.data  0x000002d7       0x98 Logging.o
 .progmem.data  0x0000036f       0x11 main.o
 .progmem.data  0x00000380       0x5a D:\Workspace\atmelstudio\arduinoCore\Uno\libcore.a(wiring_digital.c.o)
                0x00000380                port_to_mode_PGM
                0x0000038a                port_to_output_PGM
                0x00000394                port_to_input_PGM
                0x0000039e                digital_pin_to_port_PGM
                0x000003b2                digital_pin_to_bit_mask_PGM
                0x000003c6                digital_pin_to_timer_PGM
                0x000003da                . = ALIGN (0x2)
                0x000003da                __trampolines_start = .
 *(.trampolines)
 .trampolines   0x000003da        0x0 linker stubs
 *(.trampolines*)
                0x000003da                __trampolines_end = .
 *(.jumptables)
 *(.jumptables*)
 *(.lowtext)
 *(.lowtext*)
                0x000003da                __ctors_start = .
 *(.ctors)
 .ctors         0x000003da        0x2 libraries/TinyWebServer.o
 .ctors         0x000003dc        0x2 libraries/Dhcp.o
 .ctors         0x000003de        0x2 libraries/Dns.o
 .ctors         0x000003e0        0x2 libraries/Ethernet.o
 .ctors         0x000003e2        0x2 libraries/EthernetClient.o
 .ctors         0x000003e4        0x2 libraries/EthernetServer.o
 .ctors         0x000003e6        0x2 libraries/EthernetUdp.o
 .ctors         0x000003e8        0x2 libraries/SD.o
 .ctors         0x000003ea        0x2 libraries/Wire.o
 .ctors         0x000003ec        0x2 Logging.o
 .ctors         0x000003ee        0x2 main.o
 .ctors         0x000003f0        0x2 Webserver.o
 .ctors         0x000003f2        0x2 D:\Workspace\atmelstudio\arduinoCore\Uno\libcore.a(HardwareSerial.cpp.o)
 .ctors         0x000003f4        0x2 D:\Workspace\atmelstudio\arduinoCore\Uno\libcore.a(IPAddress.cpp.o)
                0x000003f6                __ctors_end = .
                0x000003f6                __dtors_start = .
 *(.dtors)
                0x000003f6                __dtors_end = .
 SORT(*)(.ctors)
 SORT(*)(.dtors)
 *(.init0)
 .init0         0x000003f6        0x0 c:/program files (x86)/atmel/atmel studio 6.0/extensions/atmel/avrgcc/3.4.1.95/avrtoolchain/bin/../lib/gcc/avr/4.6.2/../../../../avr/lib/avr5/crtm328p.o
                0x000003f6                __init
 *(.init0)
 *(.init1)
 *(.init1)
 *(.init2)
 .init2         0x000003f6        0xc c:/program files (x86)/atmel/atmel studio 6.0/extensions/atmel/avrgcc/3.4.1.95/avrtoolchain/bin/../lib/gcc/avr/4.6.2/../../../../avr/lib/avr5/crtm328p.o
 *(.init2)
 *(.init3)
 *(.init3)
 *(.init4)
 .init4         0x00000402       0x16 c:/program files (x86)/atmel/atmel studio 6.0/extensions/atmel/avrgcc/3.4.1.95/avrtoolchain/bin/../lib/gcc/avr/4.6.2/avr5\libgcc.a(_copy_data.o)
                0x00000402                __do_copy_data
 .init4         0x00000418       0x10 c:/program files (x86)/atmel/atmel studio 6.0/extensions/atmel/avrgcc/3.4.1.95/avrtoolchain/bin/../lib/gcc/avr/4.6.2/avr5\libgcc.a(_clear_bss.o)
                0x00000418                __do_clear_bss
 *(.init4)
 *(.init5)
 *(.init5)
 *(.init6)
 .init6         0x00000428       0x16 c:/program files (x86)/atmel/atmel studio 6.0/extensions/atmel/avrgcc/3.4.1.95/avrtoolchain/bin/../lib/gcc/avr/4.6.2/avr5\libgcc.a(_ctors.o)
                0x00000428                __do_global_ctors
 *(.init6)
 *(.init7)
 *(.init7)
 *(.init8)
 *(.init8)
 *(.init9)
 .init9         0x0000043e        0x8 c:/program files (x86)/atmel/atmel studio 6.0/extensions/atmel/avrgcc/3.4.1.95/avrtoolchain/bin/../lib/gcc/avr/4.6.2/../../../../avr/lib/avr5/crtm328p.o
 *(.init9)
 *(.text)
 .text          0x00000446        0x4 c:/program files (x86)/atmel/atmel studio 6.0/extensions/atmel/avrgcc/3.4.1.95/avrtoolchain/bin/../lib/gcc/avr/4.6.2/../../../../avr/lib/avr5/crtm328p.o
                0x00000446                __vector_22
                0x00000446                __vector_12
                0x00000446                __bad_interrupt
                0x00000446                __vector_6
                0x00000446                __vector_3
                0x00000446                __vector_23
                0x00000446                __vector_25
                0x00000446                __vector_11
                0x00000446                __vector_17
                0x00000446                __vector_7
                0x00000446                __vector_5
                0x00000446                __vector_4
                0x00000446                __vector_9
                0x00000446                __vector_21
                0x00000446                __vector_15
                0x00000446                __vector_8
                0x00000446                __vector_14
                0x00000446                __vector_10
                0x00000446                __vector_20
 .text          0x0000044a      0x480 libraries/twi.o
                0x0000044a                twi_init
                0x00000486                twi_setAddress
                0x0000048e                twi_readFrom
                0x0000052a                twi_writeTo
                0x000005f4                twi_transmit
                0x00000634                twi_attachSlaveRxEvent
                0x0000063e                twi_attachSlaveTxEvent
                0x00000648                twi_reply
                0x0000065c                twi_stop
                0x00000672                twi_releaseBus
                0x0000067e                __vector_24
                0x000008ca                . = ALIGN (0x2)
 *(.text.*)
 .text._ZNK13_FLASH_STRING5printER5Print
                0x000008ca       0x40 libraries/Flash.o
                0x000008ca                _FLASH_STRING::print(Print&) const
 .text._ZN13_FLASH_STRINGC2EPKc
                0x0000090a       0x10 libraries/Flash.o
                0x0000090a                _FLASH_STRING::_FLASH_STRING(char const*)
                0x0000090a                _FLASH_STRING::_FLASH_STRING(char const*)
 .text._ZL9date2daysjhh
                0x0000091a       0x66 libraries/RTClib.o
 .text._ZNK8DateTime8unixtimeEv
                0x00000980       0x78 libraries/RTClib.o
                0x00000980                DateTime::unixtime() const
 .text._ZN10RTC_DS13075beginEv
                0x000009f8        0x4 libraries/RTClib.o
                0x000009f8                RTC_DS1307::begin()
 .text._ZN10RTC_DS13073nowEv
                0x000009fc      0x106 libraries/RTClib.o
                0x000009fc                RTC_DS1307::now()
 .text._ZN13TinyWebServer22should_stop_processingEv
                0x00000b02       0x10 libraries/TinyWebServer.o
                0x00000b02                TinyWebServer::should_stop_processing()
 .text._ZN13TinyWebServer5writeEPKc
                0x00000b12       0x2e libraries/TinyWebServer.o
                0x00000b12                TinyWebServer::write(char const*)
 .text._ZN13TinyWebServer5writeEPKhj
                0x00000b40        0x8 libraries/TinyWebServer.o
                0x00000b40                TinyWebServer::write(unsigned char const*, unsigned int)
 .text._ZN13TinyWebServer5writeEh
                0x00000b48        0x8 libraries/TinyWebServer.o
                0x00000b48                TinyWebServer::write(unsigned char)
 .text._ZN13TinyWebServer14read_next_charER6ClientPh
                0x00000b50       0x40 libraries/TinyWebServer.o
                0x00000b50                TinyWebServer::read_next_char(Client&, unsigned char*)
 .text._ZN13TinyWebServerC2EPNS_11PathHandlerEPPKc
                0x00000b90       0xc4 libraries/TinyWebServer.o
                0x00000b90                TinyWebServer::TinyWebServer(TinyWebServer::PathHandler*, char const**)
                0x00000b90                TinyWebServer::TinyWebServer(TinyWebServer::PathHandler*, char const**)
 .text._ZN13TinyWebServer5beginEv
                0x00000c54        0x8 libraries/TinyWebServer.o
                0x00000c54                TinyWebServer::begin()
 .text._ZN13TinyWebServer19is_requested_headerEPPKc
                0x00000c5c       0x50 libraries/TinyWebServer.o
                0x00000c5c                TinyWebServer::is_requested_header(char const**)
 .text._ZN13TinyWebServer19assign_header_valueEPKcPc
                0x00000cac       0x6e libraries/TinyWebServer.o
                0x00000cac                TinyWebServer::assign_header_value(char const*, char*)
 .text._ZN13TinyWebServer15process_headersEv
                0x00000d1a      0x20a libraries/TinyWebServer.o
                0x00000d1a                TinyWebServer::process_headers()
 .text._ZN13TinyWebServer15send_error_codeER6Clienti
                0x00000f24       0x40 libraries/TinyWebServer.o
                0x00000f24                TinyWebServer::send_error_code(Client&, int)
 .text._ZN13TinyWebServer17send_content_typeEj
                0x00000f64       0x50 libraries/TinyWebServer.o
                0x00000f64                TinyWebServer::send_content_type(unsigned int)
 .text._ZN13TinyWebServer17send_content_typeEPKc
                0x00000fb4       0x36 libraries/TinyWebServer.o
                0x00000fb4                TinyWebServer::send_content_type(char const*)
 .text._ZN13TinyWebServer8get_pathEv
                0x00000fea        0x8 libraries/TinyWebServer.o
                0x00000fea                TinyWebServer::get_path()
 .text._ZN13TinyWebServer18decode_url_encodedEPKc
                0x00000ff2      0x142 libraries/TinyWebServer.o
                0x00000ff2                TinyWebServer::decode_url_encoded(char const*)
 .text._ZN13TinyWebServer18get_file_from_pathEPKc
                0x00001134       0x4a libraries/TinyWebServer.o
                0x00001134                TinyWebServer::get_file_from_path(char const*)
 .text._ZN13TinyWebServer27get_mime_type_from_filenameEPKc
                0x0000117e       0xd0 libraries/TinyWebServer.o
                0x0000117e                TinyWebServer::get_mime_type_from_filename(char const*)
 .text._ZN13TinyWebServer9send_fileER6SdFile
                0x0000124e       0x64 libraries/TinyWebServer.o
                0x0000124e                TinyWebServer::send_file(SdFile&)
 .text._ZN13TinyWebServer8get_lineEPci
                0x000012b2       0xa0 libraries/TinyWebServer.o
                0x000012b2                TinyWebServer::get_line(char*, int)
 .text._ZN13TinyWebServer9get_fieldEPKci
                0x00001352      0x114 libraries/TinyWebServer.o
                0x00001352                TinyWebServer::get_field(char const*, int)
 .text._ZN13TinyWebServer7processEv
                0x00001466      0x25e libraries/TinyWebServer.o
                0x00001466                TinyWebServer::process()
 .text.startup._GLOBAL__sub_I_mime_types
                0x000016c4       0x2e libraries/TinyWebServer.o
 .text._ZN11EEPROMClass4readEi
                0x000016f2        0x8 libraries/EEPROM.o
                0x000016f2                EEPROMClass::read(int)
 .text._ZN11EEPROMClass5writeEih
                0x000016fa        0xa libraries/EEPROM.o
                0x000016fa                EEPROMClass::write(int, unsigned char)
 .text.startup._GLOBAL__sub_I__ZN9DhcpClass13beginWithDHCPEPhmm
                0x00001704       0x16 libraries/Dhcp.o
 .text._ZN9DNSClient5beginERK9IPAddress
                0x0000171a       0x22 libraries/Dns.o
                0x0000171a                DNSClient::begin(IPAddress const&)
 .text._ZN9DNSClient9inet_atonEPKcR9IPAddress
                0x0000173c       0x86 libraries/Dns.o
                0x0000173c                DNSClient::inet_aton(char const*, IPAddress&)
 .text._ZN9DNSClient12BuildRequestEPKc
                0x000017c2      0x164 libraries/Dns.o
                0x000017c2                DNSClient::BuildRequest(char const*)
 .text._ZN9DNSClient15ProcessResponseEjR9IPAddress
                0x00001926      0x2d4 libraries/Dns.o
                0x00001926                DNSClient::ProcessResponse(unsigned int, IPAddress&)
 .text._ZN9DNSClient13getHostByNameEPKcR9IPAddress
                0x00001bfa      0x134 libraries/Dns.o
                0x00001bfa                DNSClient::getHostByName(char const*, IPAddress&)
 .text.startup._GLOBAL__sub_I__ZN9DNSClient5beginERK9IPAddress
                0x00001d2e       0x16 libraries/Dns.o
 .text._ZN10W5100Class12setGatewayIpEPh.isra.1
                0x00001d44       0x10 libraries/Ethernet.o
 .text._ZN10W5100Class13setSubnetMaskEPh.isra.3
                0x00001d54       0x10 libraries/Ethernet.o
 .text._ZN10W5100Class12setIPAddressEPh.isra.6
                0x00001d64       0x10 libraries/Ethernet.o
 .text._ZN13EthernetClass5beginEPh9IPAddressS1_S1_S1_
                0x00001d74       0x84 libraries/Ethernet.o
                0x00001d74                EthernetClass::begin(unsigned char*, IPAddress, IPAddress, IPAddress, IPAddress)
 .text._ZN13EthernetClass5beginEPh9IPAddressS1_S1_
                0x00001df8       0xec libraries/Ethernet.o
                0x00001df8                EthernetClass::begin(unsigned char*, IPAddress, IPAddress, IPAddress)
 .text._ZN13EthernetClass5beginEPh9IPAddressS1_
                0x00001ee4       0xa0 libraries/Ethernet.o
                0x00001ee4                EthernetClass::begin(unsigned char*, IPAddress, IPAddress)
 .text._ZN13EthernetClass5beginEPh9IPAddress
                0x00001f84       0x70 libraries/Ethernet.o
                0x00001f84                EthernetClass::begin(unsigned char*, IPAddress)
 .text._ZN13EthernetClass11dnsServerIPEv
                0x00001ff4       0x20 libraries/Ethernet.o
                0x00001ff4                EthernetClass::dnsServerIP()
 .text.startup._GLOBAL__sub_I__ZN13EthernetClass6_stateE
                0x00002014       0x1e libraries/Ethernet.o
 .text._ZN14EthernetClient5writeEh
                0x00002032       0x2c libraries/EthernetClient.o
                0x00002032                EthernetClient::write(unsigned char)
 .text._ZN14EthernetClient5flushEv
                0x0000205e       0x2e libraries/EthernetClient.o
                0x0000205e                EthernetClient::flush()
 .text._ZN14EthernetClientcvbEv
                0x0000208c       0x10 libraries/EthernetClient.o
                0x0000208c                EthernetClient::operator bool()
 .text._ZN14EthernetClient4peekEv
                0x0000209c       0x46 libraries/EthernetClient.o
                0x0000209c                EthernetClient::peek()
 .text._ZN14EthernetClient4readEPhj
                0x000020e2        0xa libraries/EthernetClient.o
                0x000020e2                EthernetClient::read(unsigned char*, unsigned int)
 .text._ZN14EthernetClient4readEv
                0x000020ec       0x34 libraries/EthernetClient.o
                0x000020ec                EthernetClient::read()
 .text._ZN14EthernetClient7connectEPKcj
                0x00002120       0xbc libraries/EthernetClient.o
                0x00002120                EthernetClient::connect(char const*, unsigned int)
 .text._ZN14EthernetClient9availableEv
                0x000021dc       0x1c libraries/EthernetClient.o
                0x000021dc                EthernetClient::available()
 .text._ZN14EthernetClient5writeEPKhj
                0x000021f8       0x3c libraries/EthernetClient.o
                0x000021f8                EthernetClient::write(unsigned char const*, unsigned int)
 .text._ZN14EthernetClientC2Eh
                0x00002234       0x24 libraries/EthernetClient.o
                0x00002234                EthernetClient::EthernetClient(unsigned char)
                0x00002234                EthernetClient::EthernetClient(unsigned char)
 .text._ZN14EthernetClient6statusEv
                0x00002258       0x1c libraries/EthernetClient.o
                0x00002258                EthernetClient::status()
 .text._ZN14EthernetClient9connectedEv
                0x00002274       0x48 libraries/EthernetClient.o
                0x00002274                EthernetClient::connected()
 .text._ZN14EthernetClient4stopEv
                0x000022bc       0x8c libraries/EthernetClient.o
                0x000022bc                EthernetClient::stop()
 .text._ZN14EthernetClient7connectE9IPAddressj
                0x00002348       0xf0 libraries/EthernetClient.o
                0x00002348                EthernetClient::connect(IPAddress, unsigned int)
 .text.startup._GLOBAL__sub_I__ZN14EthernetClient8_srcportE
                0x00002438       0x16 libraries/EthernetClient.o
 .text._ZN14EthernetServer5writeEh
                0x0000244e       0x2c libraries/EthernetServer.o
                0x0000244e                EthernetServer::write(unsigned char)
 .text._ZN14EthernetServer5beginEv
                0x0000247a       0x88 libraries/EthernetServer.o
                0x0000247a                EthernetServer::begin()
 .text._ZN14EthernetServerC2Ej
                0x00002502       0x14 libraries/EthernetServer.o
                0x00002502                EthernetServer::EthernetServer(unsigned int)
                0x00002502                EthernetServer::EthernetServer(unsigned int)
 .text._ZN14EthernetServer6acceptEv
                0x00002516       0xc0 libraries/EthernetServer.o
                0x00002516                EthernetServer::accept()
 .text._ZN14EthernetServer5writeEPKhj
                0x000025d6       0xac libraries/EthernetServer.o
                0x000025d6                EthernetServer::write(unsigned char const*, unsigned int)
 .text._ZN14EthernetServer9availableEv
                0x00002682       0xe4 libraries/EthernetServer.o
                0x00002682                EthernetServer::available()
 .text.startup._GLOBAL__sub_I__ZN14EthernetServerC2Ej
                0x00002766       0x16 libraries/EthernetServer.o
 .text._ZN11EthernetUDP4readEPcj
                0x0000277c       0x10 libraries/EthernetUdp.o
                0x0000277c                EthernetUDP::read(char*, unsigned int)
 .text._ZN11EthernetUDP8remoteIPEv
                0x0000278c       0x20 libraries/EthernetUdp.o
                0x0000278c                EthernetUDP::remoteIP()
 .text._ZN11EthernetUDP10remotePortEv
                0x000027ac        0x8 libraries/EthernetUdp.o
                0x000027ac                EthernetUDP::remotePort()
 .text._ZN11EthernetUDP9availableEv
                0x000027b4        0x8 libraries/EthernetUdp.o
                0x000027b4                EthernetUDP::available()
 .text._ZN11EthernetUDP5writeEh
                0x000027bc       0x2c libraries/EthernetUdp.o
                0x000027bc                EthernetUDP::write(unsigned char)
 .text._ZN11EthernetUDP5flushEv
                0x000027e8       0x24 libraries/EthernetUdp.o
                0x000027e8                EthernetUDP::flush()
 .text._ZN11EthernetUDP4peekEv
                0x0000280c       0x32 libraries/EthernetUdp.o
                0x0000280c                EthernetUDP::peek()
 .text._ZN11EthernetUDP4readEPhj
                0x0000283e       0x3e libraries/EthernetUdp.o
                0x0000283e                EthernetUDP::read(unsigned char*, unsigned int)
 .text._ZN11EthernetUDP4readEv
                0x0000287c       0x52 libraries/EthernetUdp.o
                0x0000287c                EthernetUDP::read()
 .text._ZN11EthernetUDP5writeEPKhj
                0x000028ce       0x2a libraries/EthernetUdp.o
                0x000028ce                EthernetUDP::write(unsigned char const*, unsigned int)
 .text._ZN11EthernetUDP9endPacketEv
                0x000028f8        0xa libraries/EthernetUdp.o
                0x000028f8                EthernetUDP::endPacket()
 .text._ZN11EthernetUDP11beginPacketE9IPAddressj
                0x00002902       0x12 libraries/EthernetUdp.o
                0x00002902                EthernetUDP::beginPacket(IPAddress, unsigned int)
 .text._ZN11EthernetUDP11parsePacketEv
                0x00002914       0x9a libraries/EthernetUdp.o
                0x00002914                EthernetUDP::parsePacket()
 .text._ZN11EthernetUDP4stopEv
                0x000029ae       0x2a libraries/EthernetUdp.o
                0x000029ae                EthernetUDP::stop()
 .text._ZN11EthernetUDP5beginEj
                0x000029d8       0x7e libraries/EthernetUdp.o
                0x000029d8                EthernetUDP::begin(unsigned int)
 .text._ZN11EthernetUDPC2Ev
                0x00002a56       0x2c libraries/EthernetUdp.o
                0x00002a56                EthernetUDP::EthernetUDP()
                0x00002a56                EthernetUDP::EthernetUDP()
 .text._ZN11EthernetUDP11beginPacketEPKcj
                0x00002a82       0xbc libraries/EthernetUdp.o
                0x00002a82                EthernetUDP::beginPacket(char const*, unsigned int)
 .text.startup._GLOBAL__sub_I__ZN11EthernetUDPC2Ev
                0x00002b3e       0x16 libraries/EthernetUdp.o
 .text._ZN10W5100Class11writeSnDIPREhPh
                0x00002b54       0x14 libraries/socket.o
                0x00002b54                W5100Class::writeSnDIPR(unsigned char, unsigned char*)
 .text._ZN10W5100Class6readSnEhj
                0x00002b68       0x12 libraries/socket.o
                0x00002b68                W5100Class::readSn(unsigned char, unsigned int)
 .text._ZN10W5100Class8readSnIREh
                0x00002b7a        0xa libraries/socket.o
                0x00002b7a                W5100Class::readSnIR(unsigned char)
 .text._ZN10W5100Class7writeSnEhjh
                0x00002b84       0x14 libraries/socket.o
                0x00002b84                W5100Class::writeSn(unsigned char, unsigned int, unsigned char)
 .text._ZN10W5100Class9writeSnIREhh
                0x00002b98        0xc libraries/socket.o
                0x00002b98                W5100Class::writeSnIR(unsigned char, unsigned char)
 .text._ZN10W5100Class12writeSnDPORTEhj
                0x00002ba4       0x24 libraries/socket.o
                0x00002ba4                W5100Class::writeSnDPORT(unsigned char, unsigned int)
 .text._ZN10W5100Class11writeSnPORTEhj
                0x00002bc8       0x24 libraries/socket.o
                0x00002bc8                W5100Class::writeSnPORT(unsigned char, unsigned int)
 .text._Z5closeh
                0x00002bec       0x1c libraries/socket.o
                0x00002bec                close(unsigned char)
 .text._Z6sockethhjh
                0x00002c08       0x80 libraries/socket.o
                0x00002c08                socket(unsigned char, unsigned char, unsigned int, unsigned char)
 .text._Z6listenh
                0x00002c88       0x26 libraries/socket.o
                0x00002c88                listen(unsigned char)
 .text._Z7connecthPhj
                0x00002cae       0x6a libraries/socket.o
                0x00002cae                connect(unsigned char, unsigned char*, unsigned int)
 .text._Z10disconnecth
                0x00002d18        0xe libraries/socket.o
                0x00002d18                disconnect(unsigned char)
 .text._Z4sendhPKhj
                0x00002d26       0xa6 libraries/socket.o
                0x00002d26                send(unsigned char, unsigned char const*, unsigned int)
 .text._Z4recvhPhi
                0x00002dcc       0x84 libraries/socket.o
                0x00002dcc                recv(unsigned char, unsigned char*, int)
 .text._Z4peekhPh
                0x00002e50       0x1e libraries/socket.o
                0x00002e50                peek(unsigned char, unsigned char*)
 .text._Z10bufferDatahjPKhj
                0x00002e6e       0x68 libraries/socket.o
                0x00002e6e                bufferData(unsigned char, unsigned int, unsigned char const*, unsigned int)
 .text._Z8startUDPhPhj
                0x00002ed6       0x4a libraries/socket.o
                0x00002ed6                startUDP(unsigned char, unsigned char*, unsigned int)
 .text._Z7sendUDPh
                0x00002f20       0x44 libraries/socket.o
                0x00002f20                sendUDP(unsigned char)
 .text._ZN8SPIClass8transferEh
                0x00002f64        0xc libraries/w5100.o
                0x00002f64                SPIClass::transfer(unsigned char)
 .text._ZN10W5100Class5setSSEv
                0x00002f70        0x4 libraries/w5100.o
                0x00002f70                W5100Class::setSS()
 .text._ZN10W5100Class7resetSSEv
                0x00002f74        0x4 libraries/w5100.o
                0x00002f74                W5100Class::resetSS()
 .text._ZN10W5100Class5writeEjh
                0x00002f78       0x44 libraries/w5100.o
                0x00002f78                W5100Class::write(unsigned int, unsigned char)
 .text._ZN10W5100Class4initEv
                0x00002fbc       0x7c libraries/w5100.o
                0x00002fbc                W5100Class::init()
 .text._ZN10W5100Class5writeEjPKhj
                0x00003038       0x60 libraries/w5100.o
                0x00003038                W5100Class::write(unsigned int, unsigned char const*, unsigned int)
 .text._ZN10W5100Class4readEj
                0x00003098       0x40 libraries/w5100.o
                0x00003098                W5100Class::read(unsigned int)
 .text._ZN10W5100Class27send_data_processing_offsetEhjPKhj
                0x000030d8       0xda libraries/w5100.o
                0x000030d8                W5100Class::send_data_processing_offset(unsigned char, unsigned int, unsigned char const*, unsigned int)
 .text._ZN10W5100Class20send_data_processingEhPKhj
                0x000031b2       0x18 libraries/w5100.o
                0x000031b2                W5100Class::send_data_processing(unsigned char, unsigned char const*, unsigned int)
 .text._ZN10W5100Class12readSnRX_RSREh
                0x000031ca       0x2a libraries/w5100.o
                0x000031ca                W5100Class::readSnRX_RSR(unsigned char)
 .text._ZN10W5100Class17getRXReceivedSizeEh
                0x000031f4       0x38 libraries/w5100.o
                0x000031f4                W5100Class::getRXReceivedSize(unsigned char)
 .text._ZN10W5100Class12readSnTX_FSREh
                0x0000322c       0x2a libraries/w5100.o
                0x0000322c                W5100Class::readSnTX_FSR(unsigned char)
 .text._ZN10W5100Class13getTXFreeSizeEh
                0x00003256       0x38 libraries/w5100.o
                0x00003256                W5100Class::getTXFreeSize(unsigned char)
 .text._ZN10W5100Class4readEjPhj
                0x0000328e       0x62 libraries/w5100.o
                0x0000328e                W5100Class::read(unsigned int, unsigned char*, unsigned int)
 .text._ZN10W5100Class9read_dataEhPVhS1_j
                0x000032f0       0x7a libraries/w5100.o
                0x000032f0                W5100Class::read_data(unsigned char, unsigned char volatile*, unsigned char volatile*, unsigned int)
 .text._ZN10W5100Class20recv_data_processingEhPhjh
                0x0000336a       0x8c libraries/w5100.o
                0x0000336a                W5100Class::recv_data_processing(unsigned char, unsigned char*, unsigned int, unsigned char)
 .text._ZN10W5100Class9execCmdSnEh7SockCMD
                0x000033f6       0x20 libraries/w5100.o
                0x000033f6                W5100Class::execCmdSn(unsigned char, SockCMD)
 .text.startup._GLOBAL__sub_I__Z20getNextPathComponentPcPjS_
                0x00003416       0x46 libraries/SD.o
 .text._ZL7spiSendh
                0x0000345c        0xa libraries/Sd2Card.o
 .text._ZL6spiRecv
                0x00003466        0xa libraries/Sd2Card.o
 .text._ZN7Sd2Card14chipSelectHighEv
                0x00003470        0xc libraries/Sd2Card.o
                0x00003470                Sd2Card::chipSelectHigh()
 .text._ZN7Sd2Card13chipSelectLowEv
                0x0000347c        0xc libraries/Sd2Card.o
                0x0000347c                Sd2Card::chipSelectLow()
 .text._ZN7Sd2Card7readEndEv
                0x00003488       0x46 libraries/Sd2Card.o
                0x00003488                Sd2Card::readEnd()
 .text._ZN7Sd2Card10setSckRateEh
                0x000034ce       0x44 libraries/Sd2Card.o
                0x000034ce                Sd2Card::setSckRate(unsigned char)
 .text._ZN7Sd2Card11waitNotBusyEj
                0x00003512       0x38 libraries/Sd2Card.o
                0x00003512                Sd2Card::waitNotBusy(unsigned int)
 .text._ZN7Sd2Card11cardCommandEhm
                0x0000354a       0x9e libraries/Sd2Card.o
                0x0000354a                Sd2Card::cardCommand(unsigned char, unsigned long)
 .text._ZN7Sd2Card4initEhh
                0x000035e8      0x18c libraries/Sd2Card.o
                0x000035e8                Sd2Card::init(unsigned char, unsigned char)
 .text._ZN7Sd2Card14waitStartBlockEv
                0x00003774       0x50 libraries/Sd2Card.o
                0x00003774                Sd2Card::waitStartBlock()
 .text._ZN7Sd2Card8readDataEmjjPh
                0x000037c4      0x140 libraries/Sd2Card.o
                0x000037c4                Sd2Card::readData(unsigned long, unsigned int, unsigned int, unsigned char*)
 .text._ZN7Sd2Card9readBlockEmPh
                0x00003904       0x20 libraries/Sd2Card.o
                0x00003904                Sd2Card::readBlock(unsigned long, unsigned char*)
 .text._ZN7Sd2Card9writeDataEhPKh
                0x00003924       0x62 libraries/Sd2Card.o
                0x00003924                Sd2Card::writeData(unsigned char, unsigned char const*)
 .text._ZN7Sd2Card10writeBlockEmPKh
                0x00003986       0xb0 libraries/Sd2Card.o
                0x00003986                Sd2Card::writeBlock(unsigned long, unsigned char const*)
 .text._ZN6SdFile10addClusterEv
                0x00003a36       0x54 libraries/SdFile.o
                0x00003a36                SdFile::addCluster()
 .text._ZN6SdFile13addDirClusterEv
                0x00003a8a       0xc8 libraries/SdFile.o
                0x00003a8a                SdFile::addDirCluster()
 .text._ZN6SdFile13cacheDirEntryEh
                0x00003b52       0x3a libraries/SdFile.o
                0x00003b52                SdFile::cacheDirEntry(unsigned char)
 .text._ZN6SdFile10make83NameEPKcPh
                0x00003b8c       0x6e libraries/SdFile.o
                0x00003b8c                SdFile::make83Name(char const*, unsigned char*)
 .text._ZN6SdFile8openRootEP8SdVolume
                0x00003bfa       0xa2 libraries/SdFile.o
                0x00003bfa                SdFile::openRoot(SdVolume*)
 .text._ZN6SdFile4readEPvj
                0x00003c9c      0x294 libraries/SdFile.o
                0x00003c9c                SdFile::read(void*, unsigned int)
 .text._ZN6SdFile12readDirCacheEv
                0x00003f30       0x94 libraries/SdFile.o
                0x00003f30                SdFile::readDirCache()
 .text._ZN6SdFile7seekSetEm
                0x00003fc4      0x134 libraries/SdFile.o
                0x00003fc4                SdFile::seekSet(unsigned long)
 .text._ZN6SdFile4syncEv
                0x000040f8       0x8a libraries/SdFile.o
                0x000040f8                SdFile::sync()
 .text._ZN6SdFile5closeEv
                0x00004182       0x1c libraries/SdFile.o
                0x00004182                SdFile::close()
 .text._ZN6SdFile8truncateEm
                0x0000419e      0x19a libraries/SdFile.o
                0x0000419e                SdFile::truncate(unsigned long)
 .text._ZN6SdFile15openCachedEntryEhh
                0x00004338       0xdc libraries/SdFile.o
                0x00004338                SdFile::openCachedEntry(unsigned char, unsigned char)
 .text._ZN6SdFile4openEPS_PKch
                0x00004414      0x1ec libraries/SdFile.o
                0x00004414                SdFile::open(SdFile*, char const*, unsigned char)
 .text._ZN6SdFile5writeEPKvj
                0x00004600      0x35c libraries/SdFile.o
                0x00004600                SdFile::write(void const*, unsigned int)
 .text._ZN6SdFile5writeEh
                0x0000495c       0x22 libraries/SdFile.o
                0x0000495c                SdFile::write(unsigned char)
 .text._ZN8SdVolume10cacheFlushEv
                0x0000497e       0x7c libraries/SdVolume.o
                0x0000497e                SdVolume::cacheFlush()
 .text._ZN8SdVolume13cacheRawBlockEmh
                0x000049fa       0x76 libraries/SdVolume.o
                0x000049fa                SdVolume::cacheRawBlock(unsigned long, unsigned char)
 .text._ZN8SdVolume14cacheZeroBlockEm
                0x00004a70       0x52 libraries/SdVolume.o
                0x00004a70                SdVolume::cacheZeroBlock(unsigned long)
 .text._ZNK8SdVolume6fatGetEmPm
                0x00004ac2      0x10c libraries/SdVolume.o
                0x00004ac2                SdVolume::fatGet(unsigned long, unsigned long*) const
 .text._ZNK8SdVolume9chainSizeEmPm
                0x00004bce       0xd6 libraries/SdVolume.o
                0x00004bce                SdVolume::chainSize(unsigned long, unsigned long*) const
 .text._ZN8SdVolume6fatPutEmm
                0x00004ca4      0x154 libraries/SdVolume.o
                0x00004ca4                SdVolume::fatPut(unsigned long, unsigned long)
 .text._ZN8SdVolume15allocContiguousEmPm
                0x00004df8      0x22a libraries/SdVolume.o
                0x00004df8                SdVolume::allocContiguous(unsigned long, unsigned long*)
 .text._ZN8SdVolume9freeChainEm
                0x00005022       0xac libraries/SdVolume.o
                0x00005022                SdVolume::freeChain(unsigned long)
 .text._ZN8SdVolume4initEP7Sd2Cardh
                0x000050ce      0x258 libraries/SdVolume.o
                0x000050ce                SdVolume::init(Sd2Card*, unsigned char)
 .text._ZN8SPIClass5beginEv
                0x00005326       0x2e libraries/SPI.o
                0x00005326                SPIClass::begin()
 .text._ZN7TwoWire9availableEv
                0x00005354       0x10 libraries/Wire.o
                0x00005354                TwoWire::available()
 .text._ZN7TwoWire4readEv
                0x00005364       0x26 libraries/Wire.o
                0x00005364                TwoWire::read()
 .text._ZN7TwoWire4peekEv
                0x0000538a       0x1e libraries/Wire.o
                0x0000538a                TwoWire::peek()
 .text._ZN7TwoWire5flushEv
                0x000053a8        0x2 libraries/Wire.o
                0x000053a8                TwoWire::flush()
 .text._ZN7TwoWire5writeEPKhj
                0x000053aa       0x60 libraries/Wire.o
                0x000053aa                TwoWire::write(unsigned char const*, unsigned int)
 .text._ZN7TwoWire5writeEh
                0x0000540a       0x5e libraries/Wire.o
                0x0000540a                TwoWire::write(unsigned char)
 .text._ZN7TwoWire5beginEv
                0x00005468       0x16 libraries/Wire.o
                0x00005468                TwoWire::begin()
 .text._ZN7TwoWire11requestFromEhhh
                0x0000547e       0x1a libraries/Wire.o
                0x0000547e                TwoWire::requestFrom(unsigned char, unsigned char, unsigned char)
 .text._ZN7TwoWire11requestFromEii
                0x00005498        0x8 libraries/Wire.o
                0x00005498                TwoWire::requestFrom(int, int)
 .text._ZN7TwoWire17beginTransmissionEh
                0x000054a0       0x14 libraries/Wire.o
                0x000054a0                TwoWire::beginTransmission(unsigned char)
 .text._ZN7TwoWire17beginTransmissionEi
                0x000054b4        0x6 libraries/Wire.o
                0x000054b4                TwoWire::beginTransmission(int)
 .text._ZN7TwoWire15endTransmissionEh
                0x000054ba       0x26 libraries/Wire.o
                0x000054ba                TwoWire::endTransmission(unsigned char)
 .text._ZN7TwoWire15endTransmissionEv
                0x000054e0        0x8 libraries/Wire.o
                0x000054e0                TwoWire::endTransmission()
 .text.startup._GLOBAL__sub_I__ZN7TwoWire8rxBufferE
                0x000054e8       0x2e libraries/Wire.o
 .text.__vector_1
                0x00005516       0xe8 Logging.o
                0x00005516                __vector_1
 .text.__vector_2
                0x000055fe      0x10c Logging.o
                0x000055fe                __vector_2
 .text._Z16sendLoggingStatsR13TinyWebServer
                0x0000570a       0xfa Logging.o
                0x0000570a                sendLoggingStats(TinyWebServer&)
 .text.__vector_13
                0x00005804       0x8c Logging.o
                0x00005804                __vector_13
 .text._Z14EEPROM_readinti
                0x00005890       0x3a Logging.o
                0x00005890                EEPROM_readint(int)
 .text._Z15EEPROM_readlongi
                0x000058ca       0x46 Logging.o
                0x000058ca                EEPROM_readlong(int)
 .text._Z15EEPROM_writeintii
                0x00005910       0x40 Logging.o
                0x00005910                EEPROM_writeint(int, int)
 .text._Z16EEPROM_writelongim
                0x00005950       0x3e Logging.o
                0x00005950                EEPROM_writelong(int, unsigned long)
 .text._Z12logging_initv
                0x0000598e       0x82 Logging.o
                0x0000598e                logging_init()
 .text._Z11getFileNamePcc8DateTime
                0x00005a10      0x130 Logging.o
                0x00005a10                getFileName(char*, char, DateTime)
 .text._Z12check_newDayv
                0x00005b40      0x154 Logging.o
                0x00005b40                check_newDay()
 .text._Z13logging_writev
                0x00005c94      0x16c Logging.o
                0x00005c94                logging_write()
 .text._Z8readTempv
                0x00005e00       0x3c Logging.o
                0x00005e00                readTemp()
 .text._Z7readHumv
                0x00005e3c       0x78 Logging.o
                0x00005e3c                readHum()
 .text._Z12backupMetersv
                0x00005eb4       0x32 Logging.o
                0x00005eb4                backupMeters()
 .text._Z9setMeterscm
                0x00005ee6       0x30 Logging.o
                0x00005ee6                setMeters(char, unsigned long)
 .text._Z19logging_Environmentv
                0x00005f16      0x186 Logging.o
                0x00005f16                logging_Environment()
 .text._Z15logging_processv
                0x0000609c       0x86 Logging.o
                0x0000609c                logging_process()
 .text.startup._GLOBAL__sub_I_gas_meter
                0x00006122       0x16 Logging.o
 .text.setup    0x00006138       0x48 main.o
                0x00006138                setup
 .text.loop     0x00006180        0xa main.o
                0x00006180                loop
 .text.startup._GLOBAL__sub_I_logging_state
                0x0000618a       0x16 main.o
 .text._Z12list_handlerR13TinyWebServer
                0x000061a0       0x34 Webserver.o
                0x000061a0                list_handler(TinyWebServer&)
 .text._Z11now_handlerR13TinyWebServer
                0x000061d4       0x3c Webserver.o
                0x000061d4                now_handler(TinyWebServer&)
 .text._Z14send_file_nameR13TinyWebServerPKc
                0x00006210       0x82 Webserver.o
                0x00006210                send_file_name(TinyWebServer&, char const*)
 .text._Z12file_handlerR13TinyWebServer
                0x00006292       0x2e Webserver.o
                0x00006292                file_handler(TinyWebServer&)
 .text._Z13index_handlerR13TinyWebServer
                0x000062c0        0xc Webserver.o
                0x000062c0                index_handler(TinyWebServer&)
 .text._Z9parsePostci
                0x000062cc      0x114 Webserver.o
                0x000062cc                parsePost(char, int)
 .text._Z12post_handlerR13TinyWebServer
                0x000063e0       0x7c Webserver.o
                0x000063e0                post_handler(TinyWebServer&)
 .text._Z14webserver_initv
                0x0000645c       0xe8 Webserver.o
                0x0000645c                webserver_init()
 .text._Z17webserver_processv
                0x00006544        0xa Webserver.o
                0x00006544                webserver_process()
 .text.startup._GLOBAL__sub_I_ip
                0x0000654e       0x8a Webserver.o
 .text.__vector_16
                0x000065d8       0x90 D:\Workspace\atmelstudio\arduinoCore\Uno\libcore.a(wiring.c.o)
                0x000065d8                __vector_16
 .text.millis   0x00006668       0x1c D:\Workspace\atmelstudio\arduinoCore\Uno\libcore.a(wiring.c.o)
                0x00006668                millis
 .text.delay    0x00006684       0xb2 D:\Workspace\atmelstudio\arduinoCore\Uno\libcore.a(wiring.c.o)
                0x00006684                delay
 .text.init     0x00006736       0x76 D:\Workspace\atmelstudio\arduinoCore\Uno\libcore.a(wiring.c.o)
                0x00006736                init
 .text.analogRead
                0x000067ac       0x44 D:\Workspace\atmelstudio\arduinoCore\Uno\libcore.a(wiring_analog.c.o)
                0x000067ac                analogRead
 .text.pinMode  0x000067f0       0x7e D:\Workspace\atmelstudio\arduinoCore\Uno\libcore.a(wiring_digital.c.o)
                0x000067f0                pinMode
 .text.digitalWrite
                0x0000686e       0xa8 D:\Workspace\atmelstudio\arduinoCore\Uno\libcore.a(wiring_digital.c.o)
                0x0000686e                digitalWrite
 .text._Z11serialEventv
                0x00006916        0x2 D:\Workspace\atmelstudio\arduinoCore\Uno\libcore.a(HardwareSerial.cpp.o)
                0x00006916                serialEvent()
 .text.__vector_18
                0x00006918       0x76 D:\Workspace\atmelstudio\arduinoCore\Uno\libcore.a(HardwareSerial.cpp.o)
                0x00006918                __vector_18
 .text._Z14serialEventRunv
                0x0000698e       0x26 D:\Workspace\atmelstudio\arduinoCore\Uno\libcore.a(HardwareSerial.cpp.o)
                0x0000698e                serialEventRun()
 .text.__vector_19
                0x000069b4       0x76 D:\Workspace\atmelstudio\arduinoCore\Uno\libcore.a(HardwareSerial.cpp.o)
                0x000069b4                __vector_19
 .text._ZN14HardwareSerial5beginEm
                0x00006a2a      0x10e D:\Workspace\atmelstudio\arduinoCore\Uno\libcore.a(HardwareSerial.cpp.o)
                0x00006a2a                HardwareSerial::begin(unsigned long)
 .text._ZN14HardwareSerial9availableEv
                0x00006b38       0x22 D:\Workspace\atmelstudio\arduinoCore\Uno\libcore.a(HardwareSerial.cpp.o)
                0x00006b38                HardwareSerial::available()
 .text._ZN14HardwareSerial4peekEv
                0x00006b5a       0x40 D:\Workspace\atmelstudio\arduinoCore\Uno\libcore.a(HardwareSerial.cpp.o)
                0x00006b5a                HardwareSerial::peek()
 .text._ZN14HardwareSerial4readEv
                0x00006b9a       0x52 D:\Workspace\atmelstudio\arduinoCore\Uno\libcore.a(HardwareSerial.cpp.o)
                0x00006b9a                HardwareSerial::read()
 .text._ZN14HardwareSerial5flushEv
                0x00006bec       0x20 D:\Workspace\atmelstudio\arduinoCore\Uno\libcore.a(HardwareSerial.cpp.o)
                0x00006bec                HardwareSerial::flush()
 .text._ZN14HardwareSerial5writeEh
                0x00006c0c       0x80 D:\Workspace\atmelstudio\arduinoCore\Uno\libcore.a(HardwareSerial.cpp.o)
                0x00006c0c                HardwareSerial::write(unsigned char)
 .text._GLOBAL__I_rx_buffer
                0x00006c8c       0xac D:\Workspace\atmelstudio\arduinoCore\Uno\libcore.a(HardwareSerial.cpp.o)
 .text._ZN9IPAddressC1Ehhhh
                0x00006d38       0x18 D:\Workspace\atmelstudio\arduinoCore\Uno\libcore.a(IPAddress.cpp.o)
                0x00006d38                IPAddress::IPAddress(unsigned char, unsigned char, unsigned char, unsigned char)
 .text._GLOBAL__I__ZN9IPAddressC2Ev
                0x00006d50       0x1e D:\Workspace\atmelstudio\arduinoCore\Uno\libcore.a(IPAddress.cpp.o)
 .text._ZNK9IPAddress7printToER5Print
                0x00006d6e       0x84 D:\Workspace\atmelstudio\arduinoCore\Uno\libcore.a(IPAddress.cpp.o)
                0x00006d6e                IPAddress::printTo(Print&) const
 .text._ZN9IPAddressaSEPKh
                0x00006df2       0x1a D:\Workspace\atmelstudio\arduinoCore\Uno\libcore.a(IPAddress.cpp.o)
                0x00006df2                IPAddress::operator=(unsigned char const*)
 .text._ZN9IPAddressC1Ev
                0x00006e0c       0x14 D:\Workspace\atmelstudio\arduinoCore\Uno\libcore.a(IPAddress.cpp.o)
                0x00006e0c                IPAddress::IPAddress()
 .text.main     0x00006e20       0x1e D:\Workspace\atmelstudio\arduinoCore\Uno\libcore.a(main.cpp.o)
                0x00006e20                main
 .text._ZN5Print5writeEPKhj
                0x00006e3e       0x54 D:\Workspace\atmelstudio\arduinoCore\Uno\libcore.a(Print.cpp.o)
                0x00006e3e                Print::write(unsigned char const*, unsigned int)
 .text._ZN5Print5printEPK19__FlashStringHelper
                0x00006e92       0x46 D:\Workspace\atmelstudio\arduinoCore\Uno\libcore.a(Print.cpp.o)
                0x00006e92                Print::print(__FlashStringHelper const*)
 .text._ZN5Print5printEc
                0x00006ed8       0x10 D:\Workspace\atmelstudio\arduinoCore\Uno\libcore.a(Print.cpp.o)
                0x00006ed8                Print::print(char)
 .text._ZN5Print7printlnEv
                0x00006ee8       0x40 D:\Workspace\atmelstudio\arduinoCore\Uno\libcore.a(Print.cpp.o)
                0x00006ee8                Print::println()
 .text._ZN5Print5writeEPKc
                0x00006f28       0x38 D:\Workspace\atmelstudio\arduinoCore\Uno\libcore.a(Print.cpp.o)
                0x00006f28                Print::write(char const*)
 .text._ZN5Print11printNumberEmh
                0x00006f60       0xc8 D:\Workspace\atmelstudio\arduinoCore\Uno\libcore.a(Print.cpp.o)
                0x00006f60                Print::printNumber(unsigned long, unsigned char)
 .text._ZN5Print5printEmi
                0x00007028       0x1e D:\Workspace\atmelstudio\arduinoCore\Uno\libcore.a(Print.cpp.o)
                0x00007028                Print::print(unsigned long, int)
 .text._ZN5Print7printlnEmi
                0x00007046       0x28 D:\Workspace\atmelstudio\arduinoCore\Uno\libcore.a(Print.cpp.o)
                0x00007046                Print::println(unsigned long, int)
 .text._ZN5Print5printEhi
                0x0000706e       0x24 D:\Workspace\atmelstudio\arduinoCore\Uno\libcore.a(Print.cpp.o)
                0x0000706e                Print::print(unsigned char, int)
 .text._ZN5Print5printEli
                0x00007092       0x80 D:\Workspace\atmelstudio\arduinoCore\Uno\libcore.a(Print.cpp.o)
                0x00007092                Print::print(long, int)
 .text._ZN5Print5printEii
                0x00007112       0x26 D:\Workspace\atmelstudio\arduinoCore\Uno\libcore.a(Print.cpp.o)
                0x00007112                Print::print(int, int)
 .text._ZN5Print7printlnEii
                0x00007138       0x3e D:\Workspace\atmelstudio\arduinoCore\Uno\libcore.a(Print.cpp.o)
                0x00007138                Print::println(int, int)
 .text._ZN5Print5printEPKc
                0x00007176        0x6 D:\Workspace\atmelstudio\arduinoCore\Uno\libcore.a(Print.cpp.o)
                0x00007176                Print::print(char const*)
 .text._ZN5Print7printlnEPKc
                0x0000717c       0x26 D:\Workspace\atmelstudio\arduinoCore\Uno\libcore.a(Print.cpp.o)
                0x0000717c                Print::println(char const*)
 .text._Z8makeWordj
                0x000071a2        0x2 D:\Workspace\atmelstudio\arduinoCore\Uno\libcore.a(WMath.cpp.o)
                0x000071a2                makeWord(unsigned int)
 .text._Z8makeWordhh
                0x000071a4        0xe D:\Workspace\atmelstudio\arduinoCore\Uno\libcore.a(WMath.cpp.o)
                0x000071a4                makeWord(unsigned char, unsigned char)
 .text._ZNK6String6charAtEj
                0x000071b2       0x22 D:\Workspace\atmelstudio\arduinoCore\Uno\libcore.a(WString.cpp.o)
                0x000071b2                String::charAt(unsigned int) const
 .text._ZN6String12changeBufferEj
                0x000071d4       0x34 D:\Workspace\atmelstudio\arduinoCore\Uno\libcore.a(WString.cpp.o)
                0x000071d4                String::changeBuffer(unsigned int)
 .text._ZN6String7reserveEj
                0x00007208       0x38 D:\Workspace\atmelstudio\arduinoCore\Uno\libcore.a(WString.cpp.o)
                0x00007208                String::reserve(unsigned int)
 .text._ZN6String10invalidateEv
                0x00007240       0x24 D:\Workspace\atmelstudio\arduinoCore\Uno\libcore.a(WString.cpp.o)
                0x00007240                String::invalidate()
 .text._ZN6String4copyEPKcj
                0x00007264       0x42 D:\Workspace\atmelstudio\arduinoCore\Uno\libcore.a(WString.cpp.o)
                0x00007264                String::copy(char const*, unsigned int)
 .text._ZN6StringaSEPKc
                0x000072a6       0x32 D:\Workspace\atmelstudio\arduinoCore\Uno\libcore.a(WString.cpp.o)
                0x000072a6                String::operator=(char const*)
 .text._ZN6StringC1Ejh
                0x000072d8       0x62 D:\Workspace\atmelstudio\arduinoCore\Uno\libcore.a(WString.cpp.o)
                0x000072d8                String::String(unsigned int, unsigned char)
 .text._ZN6StringC1Ehh
                0x0000733a       0x64 D:\Workspace\atmelstudio\arduinoCore\Uno\libcore.a(WString.cpp.o)
                0x0000733a                String::String(unsigned char, unsigned char)
 .text._ZN6StringD1Ev
                0x0000739e        0xc D:\Workspace\atmelstudio\arduinoCore\Uno\libcore.a(WString.cpp.o)
                0x0000739e                String::~String()
 .text.libgcc   0x000073aa       0x3e c:/program files (x86)/atmel/atmel studio 6.0/extensions/atmel/avrgcc/3.4.1.95/avrtoolchain/bin/../lib/gcc/avr/4.6.2/avr5\libgcc.a(_mulsi3.o)
                0x000073aa                __mulsi3
 .text.libgcc   0x000073e8       0x28 c:/program files (x86)/atmel/atmel studio 6.0/extensions/atmel/avrgcc/3.4.1.95/avrtoolchain/bin/../lib/gcc/avr/4.6.2/avr5\libgcc.a(_udivmodhi4.o)
                0x000073e8                __udivmodhi4
 .text.libgcc   0x00007410       0x26 c:/program files (x86)/atmel/atmel studio 6.0/extensions/atmel/avrgcc/3.4.1.95/avrtoolchain/bin/../lib/gcc/avr/4.6.2/avr5\libgcc.a(_divmodhi4.o)
                0x00007410                _div
                0x00007410                __divmodhi4
 .text.libgcc   0x00007436       0x44 c:/program files (x86)/atmel/atmel studio 6.0/extensions/atmel/avrgcc/3.4.1.95/avrtoolchain/bin/../lib/gcc/avr/4.6.2/avr5\libgcc.a(_udivmodsi4.o)
                0x00007436                __udivmodsi4
 .text.libgcc   0x0000747a        0xc c:/program files (x86)/atmel/atmel studio 6.0/extensions/atmel/avrgcc/3.4.1.95/avrtoolchain/bin/../lib/gcc/avr/4.6.2/avr5\libgcc.a(_tablejump.o)
                0x0000747a                __tablejump2__
                0x0000747e                __tablejump__
 .text.avr-libc
                0x00007486      0x25e c:/program files (x86)/atmel/atmel studio 6.0/extensions/atmel/avrgcc/3.4.1.95/avrtoolchain/bin/../lib/gcc/avr/4.6.2/../../../../avr/lib/avr5\libc.a(malloc.o)
                0x00007486                malloc
                0x000075b2                free
 .text.avr-libc
                0x000076e4      0x196 c:/program files (x86)/atmel/atmel studio 6.0/extensions/atmel/avrgcc/3.4.1.95/avrtoolchain/bin/../lib/gcc/avr/4.6.2/../../../../avr/lib/avr5\libc.a(realloc.o)
                0x000076e4                realloc
 .text.avr-libc
                0x0000787a      0x23c c:/program files (x86)/atmel/atmel studio 6.0/extensions/atmel/avrgcc/3.4.1.95/avrtoolchain/bin/../lib/gcc/avr/4.6.2/../../../../avr/lib/avr5\libc.a(strtoul.o)
                0x0000787a                strtoul
 .text.avr-libc
                0x00007ab6       0x10 c:/program files (x86)/atmel/atmel studio 6.0/extensions/atmel/avrgcc/3.4.1.95/avrtoolchain/bin/../lib/gcc/avr/4.6.2/../../../../avr/lib/avr5\libc.a(isalnum.o)
                0x00007ab6                isalnum
 .text.avr-libc
                0x00007ac6        0x6 c:/program files (x86)/atmel/atmel studio 6.0/extensions/atmel/avrgcc/3.4.1.95/avrtoolchain/bin/../lib/gcc/avr/4.6.2/../../../../avr/lib/avr5\libc.a(cty_isfalse.o)
                0x00007ac6                __ctype_isfalse
                0x00007aca                __ctype_istrue
 .text.avr-libc
                0x00007acc       0x12 c:/program files (x86)/atmel/atmel studio 6.0/extensions/atmel/avrgcc/3.4.1.95/avrtoolchain/bin/../lib/gcc/avr/4.6.2/../../../../avr/lib/avr5\libc.a(isalpha.o)
                0x00007acc                isupper
                0x00007ad0                isalpha
                0x00007ad2                islower
 .text.avr-libc
                0x00007ade       0x10 c:/program files (x86)/atmel/atmel studio 6.0/extensions/atmel/avrgcc/3.4.1.95/avrtoolchain/bin/../lib/gcc/avr/4.6.2/../../../../avr/lib/avr5\libc.a(isspace.o)
                0x00007ade                isspace
 .text.avr-libc
                0x00007aee       0x10 c:/program files (x86)/atmel/atmel studio 6.0/extensions/atmel/avrgcc/3.4.1.95/avrtoolchain/bin/../lib/gcc/avr/4.6.2/../../../../avr/lib/avr5\libc.a(toupper.o)
                0x00007aee                toupper
 .text.avr-libc
                0x00007afe       0x12 c:/program files (x86)/atmel/atmel studio 6.0/extensions/atmel/avrgcc/3.4.1.95/avrtoolchain/bin/../lib/gcc/avr/4.6.2/../../../../avr/lib/avr5\libc.a(strlen_P.o)
                0x00007afe                __strlen_P
 .text.avr-libc
                0x00007b10       0x1a c:/program files (x86)/atmel/atmel studio 6.0/extensions/atmel/avrgcc/3.4.1.95/avrtoolchain/bin/../lib/gcc/avr/4.6.2/../../../../avr/lib/avr5\libc.a(memcmp.o)
                0x00007b10                memcmp
 .text.avr-libc
                0x00007b2a       0x12 c:/program files (x86)/atmel/atmel studio 6.0/extensions/atmel/avrgcc/3.4.1.95/avrtoolchain/bin/../lib/gcc/avr/4.6.2/../../../../avr/lib/avr5\libc.a(memcpy.o)
                0x00007b2a                memcpy
 .text.avr-libc
                0x00007b3c       0x16 c:/program files (x86)/atmel/atmel studio 6.0/extensions/atmel/avrgcc/3.4.1.95/avrtoolchain/bin/../lib/gcc/avr/4.6.2/../../../../avr/lib/avr5\libc.a(strchr.o)
                0x00007b3c                strchr
 .text.avr-libc
                0x00007b52       0x12 c:/program files (x86)/atmel/atmel studio 6.0/extensions/atmel/avrgcc/3.4.1.95/avrtoolchain/bin/../lib/gcc/avr/4.6.2/../../../../avr/lib/avr5\libc.a(strcmp.o)
                0x00007b52                strcmp
 .text.avr-libc
                0x00007b64        0xe c:/program files (x86)/atmel/atmel studio 6.0/extensions/atmel/avrgcc/3.4.1.95/avrtoolchain/bin/../lib/gcc/avr/4.6.2/../../../../avr/lib/avr5\libc.a(strcpy.o)
                0x00007b64                strcpy
 .text.avr-libc
                0x00007b72       0x1c c:/program files (x86)/atmel/atmel studio 6.0/extensions/atmel/avrgcc/3.4.1.95/avrtoolchain/bin/../lib/gcc/avr/4.6.2/../../../../avr/lib/avr5\libc.a(strncmp.o)
                0x00007b72                strncmp
 .text.avr-libc
                0x00007b8e       0x1e c:/program files (x86)/atmel/atmel studio 6.0/extensions/atmel/avrgcc/3.4.1.95/avrtoolchain/bin/../lib/gcc/avr/4.6.2/../../../../avr/lib/avr5\libc.a(strncpy.o)
                0x00007b8e                strncpy
 .text.avr-libc
                0x00007bac       0x16 c:/program files (x86)/atmel/atmel studio 6.0/extensions/atmel/avrgcc/3.4.1.95/avrtoolchain/bin/../lib/gcc/avr/4.6.2/../../../../avr/lib/avr5\libc.a(strrchr.o)
                0x00007bac                strrchr
 .text.avr-libc
                0x00007bc2       0x2c c:/program files (x86)/atmel/atmel studio 6.0/extensions/atmel/avrgcc/3.4.1.95/avrtoolchain/bin/../lib/gcc/avr/4.6.2/../../../../avr/lib/avr5\libc.a(utoa.o)
                0x00007bc2                utoa
 .text.avr-libc
                0x00007bee       0x10 c:/program files (x86)/atmel/atmel studio 6.0/extensions/atmel/avrgcc/3.4.1.95/avrtoolchain/bin/../lib/gcc/avr/4.6.2/../../../../avr/lib/avr5\libc.a(eerd_byte_atmega328p.o)
                0x00007bee                __eerd_byte_m328p
 .text.avr-libc
                0x00007bfe       0x1c c:/program files (x86)/atmel/atmel studio 6.0/extensions/atmel/avrgcc/3.4.1.95/avrtoolchain/bin/../lib/gcc/avr/4.6.2/../../../../avr/lib/avr5\libc.a(eewr_byte_atmega328p.o)
                0x00007bfe                __eewr_byte_m328p
                0x00007c00                __eewr_r18_m328p
 .text.avr-libc
                0x00007c1a       0x20 c:/program files (x86)/atmel/atmel studio 6.0/extensions/atmel/avrgcc/3.4.1.95/avrtoolchain/bin/../lib/gcc/avr/4.6.2/../../../../avr/lib/avr5\libc.a(strrev.o)
                0x00007c1a                strrev
 .text.libgcc   0x00007c3a       0x38 c:/program files (x86)/atmel/atmel studio 6.0/extensions/atmel/avrgcc/3.4.1.95/avrtoolchain/bin/../lib/gcc/avr/4.6.2/avr5\libgcc.a(_prologue.o)
                0x00007c3a                __prologue_saves__
 .text.libgcc   0x00007c72       0x36 c:/program files (x86)/atmel/atmel studio 6.0/extensions/atmel/avrgcc/3.4.1.95/avrtoolchain/bin/../lib/gcc/avr/4.6.2/avr5\libgcc.a(_epilogue.o)
                0x00007c72                __epilogue_restores__
                0x00007ca8                . = ALIGN (0x2)
 *(.fini9)
 .fini9         0x00007ca8        0x0 c:/program files (x86)/atmel/atmel studio 6.0/extensions/atmel/avrgcc/3.4.1.95/avrtoolchain/bin/../lib/gcc/avr/4.6.2/avr5\libgcc.a(_exit.o)
                0x00007ca8                _exit
                0x00007ca8                exit
 *(.fini9)
 *(.fini8)
 *(.fini8)
 *(.fini7)
 *(.fini7)
 *(.fini6)
 *(.fini6)
 *(.fini5)
 *(.fini5)
 *(.fini4)
 *(.fini4)
 *(.fini3)
 *(.fini3)
 *(.fini2)
 *(.fini2)
 *(.fini1)
 *(.fini1)
 *(.fini0)
 .fini0         0x00007ca8        0x4 c:/program files (x86)/atmel/atmel studio 6.0/extensions/atmel/avrgcc/3.4.1.95/avrtoolchain/bin/../lib/gcc/avr/4.6.2/avr5\libgcc.a(_exit.o)
 *(.fini0)
                0x00007cac                _etext = .

.data           0x00800100      0x158 load address 0x00007cac
                0x00800100                PROVIDE (__data_start, .)
 *(.data)
 .data          0x00800100        0x0 c:/program files (x86)/atmel/atmel studio 6.0/extensions/atmel/avrgcc/3.4.1.95/avrtoolchain/bin/../lib/gcc/avr/4.6.2/../../../../avr/lib/avr5/crtm328p.o
 .data          0x00800100        0x0 libraries/Flash.o
 .data          0x00800100        0x0 libraries/RTClib.o
 .data          0x00800100       0x1c libraries/TinyWebServer.o
 .data          0x0080011c        0x0 libraries/EEPROM.o
 .data          0x0080011c        0x7 libraries/Dhcp.o
 .data          0x00800123        0x0 libraries/Dns.o
 .data          0x00800123        0x0 libraries/Ethernet.o
 .data          0x00800123        0x0 libraries/EthernetClient.o
 .data          0x00800123        0x0 libraries/EthernetServer.o
 .data          0x00800123        0x0 libraries/EthernetUdp.o
 .data          0x00800123        0x0 libraries/socket.o
 .data          0x00800123        0x0 libraries/w5100.o
 .data          0x00800123        0x0 libraries/File.o
 .data          0x00800123        0x2 libraries/SD.o
 .data          0x00800125        0x0 libraries/Sd2Card.o
 .data          0x00800125        0x0 libraries/SdFile.o
 .data          0x00800125        0x0 libraries/SdVolume.o
 .data          0x00800125        0x0 libraries/SPI.o
 .data          0x00800125        0x0 libraries/twi.o
 .data          0x00800125        0x0 libraries/Wire.o
 .data          0x00800125       0x10 Logging.o
 .data          0x00800135        0x8 main.o
 .data          0x0080013d       0x45 Webserver.o
 .data          0x00800182        0x0 D:\Workspace\atmelstudio\arduinoCore\Uno\libcore.a(wiring.c.o)
 .data          0x00800182        0x0 D:\Workspace\atmelstudio\arduinoCore\Uno\libcore.a(wiring_analog.c.o)
 .data          0x00800182        0x0 D:\Workspace\atmelstudio\arduinoCore\Uno\libcore.a(wiring_digital.c.o)
 .data          0x00800182        0x0 D:\Workspace\atmelstudio\arduinoCore\Uno\libcore.a(HardwareSerial.cpp.o)
 .data          0x00800182        0x0 D:\Workspace\atmelstudio\arduinoCore\Uno\libcore.a(IPAddress.cpp.o)
 .data          0x00800182        0x0 D:\Workspace\atmelstudio\arduinoCore\Uno\libcore.a(main.cpp.o)
 .data          0x00800182        0x0 D:\Workspace\atmelstudio\arduinoCore\Uno\libcore.a(new.cpp.o)
 .data          0x00800182        0xe D:\Workspace\atmelstudio\arduinoCore\Uno\libcore.a(Print.cpp.o)
 .data          0x00800190        0x0 D:\Workspace\atmelstudio\arduinoCore\Uno\libcore.a(WMath.cpp.o)
 .data          0x00800190        0x1 D:\Workspace\atmelstudio\arduinoCore\Uno\libcore.a(WString.cpp.o)
 .data          0x00800191        0x0 c:/program files (x86)/atmel/atmel studio 6.0/extensions/atmel/avrgcc/3.4.1.95/avrtoolchain/bin/../lib/gcc/avr/4.6.2/../../../../avr/lib/avr5\libm.a(addsf3.o)
 .data          0x00800191        0x0 c:/program files (x86)/atmel/atmel studio 6.0/extensions/atmel/avrgcc/3.4.1.95/avrtoolchain/bin/../lib/gcc/avr/4.6.2/../../../../avr/lib/avr5\libm.a(addsf3x.o)
 .data          0x00800191        0x0 c:/program files (x86)/atmel/atmel studio 6.0/extensions/atmel/avrgcc/3.4.1.95/avrtoolchain/bin/../lib/gcc/avr/4.6.2/../../../../avr/lib/avr5\libm.a(cmpsf2.o)
 .data          0x00800191        0x0 c:/program files (x86)/atmel/atmel studio 6.0/extensions/atmel/avrgcc/3.4.1.95/avrtoolchain/bin/../lib/gcc/avr/4.6.2/../../../../avr/lib/avr5\libm.a(divsf3.o)
 .data          0x00800191        0x0 c:/program files (x86)/atmel/atmel studio 6.0/extensions/atmel/avrgcc/3.4.1.95/avrtoolchain/bin/../lib/gcc/avr/4.6.2/../../../../avr/lib/avr5\libm.a(divsf3x.o)
 .data          0x00800191        0x0 c:/program files (x86)/atmel/atmel studio 6.0/extensions/atmel/avrgcc/3.4.1.95/avrtoolchain/bin/../lib/gcc/avr/4.6.2/../../../../avr/lib/avr5\libm.a(fixsfsi.o)
 .data          0x00800191        0x0 c:/program files (x86)/atmel/atmel studio 6.0/extensions/atmel/avrgcc/3.4.1.95/avrtoolchain/bin/../lib/gcc/avr/4.6.2/../../../../avr/lib/avr5\libm.a(fixunssfsi.o)
 .data          0x00800191        0x0 c:/program files (x86)/atmel/atmel studio 6.0/extensions/atmel/avrgcc/3.4.1.95/avrtoolchain/bin/../lib/gcc/avr/4.6.2/../../../../avr/lib/avr5\libm.a(floatsisf.o)
 .data          0x00800191        0x0 c:/program files (x86)/atmel/atmel studio 6.0/extensions/atmel/avrgcc/3.4.1.95/avrtoolchain/bin/../lib/gcc/avr/4.6.2/../../../../avr/lib/avr5\libm.a(fp_cmp.o)
 .data          0x00800191        0x0 c:/program files (x86)/atmel/atmel studio 6.0/extensions/atmel/avrgcc/3.4.1.95/avrtoolchain/bin/../lib/gcc/avr/4.6.2/../../../../avr/lib/avr5\libm.a(fp_inf.o)
 .data          0x00800191        0x0 c:/program files (x86)/atmel/atmel studio 6.0/extensions/atmel/avrgcc/3.4.1.95/avrtoolchain/bin/../lib/gcc/avr/4.6.2/../../../../avr/lib/avr5\libm.a(fp_nan.o)
 .data          0x00800191        0x0 c:/program files (x86)/atmel/atmel studio 6.0/extensions/atmel/avrgcc/3.4.1.95/avrtoolchain/bin/../lib/gcc/avr/4.6.2/../../../../avr/lib/avr5\libm.a(fp_pscA.o)
 .data          0x00800191        0x0 c:/program files (x86)/atmel/atmel studio 6.0/extensions/atmel/avrgcc/3.4.1.95/avrtoolchain/bin/../lib/gcc/avr/4.6.2/../../../../avr/lib/avr5\libm.a(fp_pscB.o)
 .data          0x00800191        0x0 c:/program files (x86)/atmel/atmel studio 6.0/extensions/atmel/avrgcc/3.4.1.95/avrtoolchain/bin/../lib/gcc/avr/4.6.2/../../../../avr/lib/avr5\libm.a(fp_round.o)
 .data          0x00800191        0x0 c:/program files (x86)/atmel/atmel studio 6.0/extensions/atmel/avrgcc/3.4.1.95/avrtoolchain/bin/../lib/gcc/avr/4.6.2/../../../../avr/lib/avr5\libm.a(fp_split3.o)
 .data          0x00800191        0x0 c:/program files (x86)/atmel/atmel studio 6.0/extensions/atmel/avrgcc/3.4.1.95/avrtoolchain/bin/../lib/gcc/avr/4.6.2/../../../../avr/lib/avr5\libm.a(fp_zero.o)
 .data          0x00800191        0x0 c:/program files (x86)/atmel/atmel studio 6.0/extensions/atmel/avrgcc/3.4.1.95/avrtoolchain/bin/../lib/gcc/avr/4.6.2/../../../../avr/lib/avr5\libm.a(gesf2.o)
 .data          0x00800191        0x0 c:/program files (x86)/atmel/atmel studio 6.0/extensions/atmel/avrgcc/3.4.1.95/avrtoolchain/bin/../lib/gcc/avr/4.6.2/../../../../avr/lib/avr5\libm.a(mulsf3.o)
 .data          0x00800191        0x0 c:/program files (x86)/atmel/atmel studio 6.0/extensions/atmel/avrgcc/3.4.1.95/avrtoolchain/bin/../lib/gcc/avr/4.6.2/../../../../avr/lib/avr5\libm.a(mulsf3x.o)
 .data          0x00800191        0x0 c:/program files (x86)/atmel/atmel studio 6.0/extensions/atmel/avrgcc/3.4.1.95/avrtoolchain/bin/../lib/gcc/avr/4.6.2/../../../../avr/lib/avr5\libm.a(unordsf2.o)
 .data          0x00800191        0x0 c:/program files (x86)/atmel/atmel studio 6.0/extensions/atmel/avrgcc/3.4.1.95/avrtoolchain/bin/../lib/gcc/avr/4.6.2/avr5\libgcc.a(_mulsi3.o)
 .data          0x00800191        0x0 c:/program files (x86)/atmel/atmel studio 6.0/extensions/atmel/avrgcc/3.4.1.95/avrtoolchain/bin/../lib/gcc/avr/4.6.2/avr5\libgcc.a(_udivmodqi4.o)
 .data          0x00800191        0x0 c:/program files (x86)/atmel/atmel studio 6.0/extensions/atmel/avrgcc/3.4.1.95/avrtoolchain/bin/../lib/gcc/avr/4.6.2/avr5\libgcc.a(_udivmodhi4.o)
 .data          0x00800191        0x0 c:/program files (x86)/atmel/atmel studio 6.0/extensions/atmel/avrgcc/3.4.1.95/avrtoolchain/bin/../lib/gcc/avr/4.6.2/avr5\libgcc.a(_divmodhi4.o)
 .data          0x00800191        0x0 c:/program files (x86)/atmel/atmel studio 6.0/extensions/atmel/avrgcc/3.4.1.95/avrtoolchain/bin/../lib/gcc/avr/4.6.2/avr5\libgcc.a(_udivmodsi4.o)
 .data          0x00800191        0x0 c:/program files (x86)/atmel/atmel studio 6.0/extensions/atmel/avrgcc/3.4.1.95/avrtoolchain/bin/../lib/gcc/avr/4.6.2/avr5\libgcc.a(_divmodsi4.o)
 .data          0x00800191        0x0 c:/program files (x86)/atmel/atmel studio 6.0/extensions/atmel/avrgcc/3.4.1.95/avrtoolchain/bin/../lib/gcc/avr/4.6.2/avr5\libgcc.a(_exit.o)
 .data          0x00800191        0x0 c:/program files (x86)/atmel/atmel studio 6.0/extensions/atmel/avrgcc/3.4.1.95/avrtoolchain/bin/../lib/gcc/avr/4.6.2/avr5\libgcc.a(_copy_data.o)
 .data          0x00800191        0x0 c:/program files (x86)/atmel/atmel studio 6.0/extensions/atmel/avrgcc/3.4.1.95/avrtoolchain/bin/../lib/gcc/avr/4.6.2/avr5\libgcc.a(_clear_bss.o)
 .data          0x00800191        0x0 c:/program files (x86)/atmel/atmel studio 6.0/extensions/atmel/avrgcc/3.4.1.95/avrtoolchain/bin/../lib/gcc/avr/4.6.2/avr5\libgcc.a(_ctors.o)
 .data          0x00800191        0x0 c:/program files (x86)/atmel/atmel studio 6.0/extensions/atmel/avrgcc/3.4.1.95/avrtoolchain/bin/../lib/gcc/avr/4.6.2/avr5\libgcc.a(_tablejump.o)
 .data          0x00800191        0x0 c:/program files (x86)/atmel/atmel studio 6.0/extensions/atmel/avrgcc/3.4.1.95/avrtoolchain/bin/../lib/gcc/avr/4.6.2/../../../../avr/lib/avr5\libc.a(errno.o)
 .data          0x00800191        0x6 c:/program files (x86)/atmel/atmel studio 6.0/extensions/atmel/avrgcc/3.4.1.95/avrtoolchain/bin/../lib/gcc/avr/4.6.2/../../../../avr/lib/avr5\libc.a(malloc.o)
                0x00800191                __malloc_heap_end
                0x00800193                __malloc_heap_start
                0x00800195                __malloc_margin
 .data          0x00800197        0x4 c:/program files (x86)/atmel/atmel studio 6.0/extensions/atmel/avrgcc/3.4.1.95/avrtoolchain/bin/../lib/gcc/avr/4.6.2/../../../../avr/lib/avr5\libc.a(random.o)
 .data          0x0080019b        0x0 c:/program files (x86)/atmel/atmel studio 6.0/extensions/atmel/avrgcc/3.4.1.95/avrtoolchain/bin/../lib/gcc/avr/4.6.2/../../../../avr/lib/avr5\libc.a(realloc.o)
 .data          0x0080019b        0x0 c:/program files (x86)/atmel/atmel studio 6.0/extensions/atmel/avrgcc/3.4.1.95/avrtoolchain/bin/../lib/gcc/avr/4.6.2/../../../../avr/lib/avr5\libc.a(strtoul.o)
 .data          0x0080019b        0x0 c:/program files (x86)/atmel/atmel studio 6.0/extensions/atmel/avrgcc/3.4.1.95/avrtoolchain/bin/../lib/gcc/avr/4.6.2/../../../../avr/lib/avr5\libc.a(atol.o)
 .data          0x0080019b        0x0 c:/program files (x86)/atmel/atmel studio 6.0/extensions/atmel/avrgcc/3.4.1.95/avrtoolchain/bin/../lib/gcc/avr/4.6.2/../../../../avr/lib/avr5\libc.a(isalnum.o)
 .data          0x0080019b        0x0 c:/program files (x86)/atmel/atmel studio 6.0/extensions/atmel/avrgcc/3.4.1.95/avrtoolchain/bin/../lib/gcc/avr/4.6.2/../../../../avr/lib/avr5\libc.a(cty_isfalse.o)
 .data          0x0080019b        0x0 c:/program files (x86)/atmel/atmel studio 6.0/extensions/atmel/avrgcc/3.4.1.95/avrtoolchain/bin/../lib/gcc/avr/4.6.2/../../../../avr/lib/avr5\libc.a(isalpha.o)
 .data          0x0080019b        0x0 c:/program files (x86)/atmel/atmel studio 6.0/extensions/atmel/avrgcc/3.4.1.95/avrtoolchain/bin/../lib/gcc/avr/4.6.2/../../../../avr/lib/avr5\libc.a(isspace.o)
 .data          0x0080019b        0x0 c:/program files (x86)/atmel/atmel studio 6.0/extensions/atmel/avrgcc/3.4.1.95/avrtoolchain/bin/../lib/gcc/avr/4.6.2/../../../../avr/lib/avr5\libc.a(tolower.o)
 .data          0x0080019b        0x0 c:/program files (x86)/atmel/atmel studio 6.0/extensions/atmel/avrgcc/3.4.1.95/avrtoolchain/bin/../lib/gcc/avr/4.6.2/../../../../avr/lib/avr5\libc.a(toupper.o)
 .data          0x0080019b        0x0 c:/program files (x86)/atmel/atmel studio 6.0/extensions/atmel/avrgcc/3.4.1.95/avrtoolchain/bin/../lib/gcc/avr/4.6.2/../../../../avr/lib/avr5\libc.a(strlen_P.o)
 .data          0x0080019b        0x0 c:/program files (x86)/atmel/atmel studio 6.0/extensions/atmel/avrgcc/3.4.1.95/avrtoolchain/bin/../lib/gcc/avr/4.6.2/../../../../avr/lib/avr5\libc.a(memcmp.o)
 .data          0x0080019b        0x0 c:/program files (x86)/atmel/atmel studio 6.0/extensions/atmel/avrgcc/3.4.1.95/avrtoolchain/bin/../lib/gcc/avr/4.6.2/../../../../avr/lib/avr5\libc.a(memcpy.o)
 .data          0x0080019b        0x0 c:/program files (x86)/atmel/atmel studio 6.0/extensions/atmel/avrgcc/3.4.1.95/avrtoolchain/bin/../lib/gcc/avr/4.6.2/../../../../avr/lib/avr5\libc.a(memmove.o)
 .data          0x0080019b        0x0 c:/program files (x86)/atmel/atmel studio 6.0/extensions/atmel/avrgcc/3.4.1.95/avrtoolchain/bin/../lib/gcc/avr/4.6.2/../../../../avr/lib/avr5\libc.a(strchr.o)
 .data          0x0080019b        0x0 c:/program files (x86)/atmel/atmel studio 6.0/extensions/atmel/avrgcc/3.4.1.95/avrtoolchain/bin/../lib/gcc/avr/4.6.2/../../../../avr/lib/avr5\libc.a(strcmp.o)
 .data          0x0080019b        0x0 c:/program files (x86)/atmel/atmel studio 6.0/extensions/atmel/avrgcc/3.4.1.95/avrtoolchain/bin/../lib/gcc/avr/4.6.2/../../../../avr/lib/avr5\libc.a(strcpy.o)
 .data          0x0080019b        0x0 c:/program files (x86)/atmel/atmel studio 6.0/extensions/atmel/avrgcc/3.4.1.95/avrtoolchain/bin/../lib/gcc/avr/4.6.2/../../../../avr/lib/avr5\libc.a(strncmp.o)
 .data          0x0080019b        0x0 c:/program files (x86)/atmel/atmel studio 6.0/extensions/atmel/avrgcc/3.4.1.95/avrtoolchain/bin/../lib/gcc/avr/4.6.2/../../../../avr/lib/avr5\libc.a(strncpy.o)
 .data          0x0080019b        0x0 c:/program files (x86)/atmel/atmel studio 6.0/extensions/atmel/avrgcc/3.4.1.95/avrtoolchain/bin/../lib/gcc/avr/4.6.2/../../../../avr/lib/avr5\libc.a(strrchr.o)
 .data          0x0080019b        0x0 c:/program files (x86)/atmel/atmel studio 6.0/extensions/atmel/avrgcc/3.4.1.95/avrtoolchain/bin/../lib/gcc/avr/4.6.2/../../../../avr/lib/avr5\libc.a(strstr.o)
 .data          0x0080019b        0x0 c:/program files (x86)/atmel/atmel studio 6.0/extensions/atmel/avrgcc/3.4.1.95/avrtoolchain/bin/../lib/gcc/avr/4.6.2/../../../../avr/lib/avr5\libc.a(itoa.o)
 .data          0x0080019b        0x0 c:/program files (x86)/atmel/atmel studio 6.0/extensions/atmel/avrgcc/3.4.1.95/avrtoolchain/bin/../lib/gcc/avr/4.6.2/../../../../avr/lib/avr5\libc.a(ltoa.o)
 .data          0x0080019b        0x0 c:/program files (x86)/atmel/atmel studio 6.0/extensions/atmel/avrgcc/3.4.1.95/avrtoolchain/bin/../lib/gcc/avr/4.6.2/../../../../avr/lib/avr5\libc.a(mulsi10.o)
 .data          0x0080019b        0x0 c:/program files (x86)/atmel/atmel studio 6.0/extensions/atmel/avrgcc/3.4.1.95/avrtoolchain/bin/../lib/gcc/avr/4.6.2/../../../../avr/lib/avr5\libc.a(ultoa.o)
 .data          0x0080019b        0x0 c:/program files (x86)/atmel/atmel studio 6.0/extensions/atmel/avrgcc/3.4.1.95/avrtoolchain/bin/../lib/gcc/avr/4.6.2/../../../../avr/lib/avr5\libc.a(utoa.o)
 .data          0x0080019b        0x0 c:/program files (x86)/atmel/atmel studio 6.0/extensions/atmel/avrgcc/3.4.1.95/avrtoolchain/bin/../lib/gcc/avr/4.6.2/../../../../avr/lib/avr5\libc.a(eerd_byte_atmega328p.o)
 .data          0x0080019b        0x0 c:/program files (x86)/atmel/atmel studio 6.0/extensions/atmel/avrgcc/3.4.1.95/avrtoolchain/bin/../lib/gcc/avr/4.6.2/../../../../avr/lib/avr5\libc.a(eewr_byte_atmega328p.o)
 .data          0x0080019b        0x0 c:/program files (x86)/atmel/atmel studio 6.0/extensions/atmel/avrgcc/3.4.1.95/avrtoolchain/bin/../lib/gcc/avr/4.6.2/../../../../avr/lib/avr5\libc.a(strrev.o)
 .data          0x0080019b        0x0 c:/program files (x86)/atmel/atmel studio 6.0/extensions/atmel/avrgcc/3.4.1.95/avrtoolchain/bin/../lib/gcc/avr/4.6.2/avr5\libgcc.a(_prologue.o)
 .data          0x0080019b        0x0 c:/program files (x86)/atmel/atmel studio 6.0/extensions/atmel/avrgcc/3.4.1.95/avrtoolchain/bin/../lib/gcc/avr/4.6.2/avr5\libgcc.a(_epilogue.o)
 *(.data*)
 .data._ZN14EthernetClient8_srcportE
                0x0080019b        0x2 libraries/EthernetClient.o
                0x0080019b                EthernetClient::_srcport
 .data._ZN8SdVolume17cacheBlockNumber_E
                0x0080019d        0x4 libraries/SdVolume.o
                0x0080019d                SdVolume::cacheBlockNumber_
 .data.big_intervall
                0x008001a1        0x1 Logging.o
                0x008001a1                big_intervall
 .data.headers  0x008001a2        0x4 Webserver.o
                0x008001a2                headers
 .data.handlers
                0x008001a6       0x1e Webserver.o
                0x008001a6                handlers
 .data.has_filesystem
                0x008001c4        0x1 Webserver.o
                0x008001c4                has_filesystem
 .data._ZL3mac  0x008001c5        0x6 Webserver.o
 .data.analog_reference
                0x008001cb        0x1 D:\Workspace\atmelstudio\arduinoCore\Uno\libcore.a(wiring_analog.c.o)
                0x008001cb                analog_reference
 *(.rodata)
 *(.rodata*)
 .rodata._ZTV13_FLASH_STRING
                0x008001cc        0x6 libraries/Flash.o
                0x008001cc                vtable for _FLASH_STRING
 .rodata._ZTV13TinyWebServer
                0x008001d2        0xe libraries/TinyWebServer.o
                0x008001d2                vtable for TinyWebServer
 .rodata._ZTV14EthernetClient
                0x008001e0       0x1c libraries/EthernetClient.o
                0x008001e0                vtable for EthernetClient
 .rodata._ZTV14EthernetServer
                0x008001fc        0xa libraries/EthernetServer.o
                0x008001fc                vtable for EthernetServer
 .rodata._ZTV11EthernetUDP
                0x00800206       0x24 libraries/EthernetUdp.o
                0x00800206                vtable for EthernetUDP
 .rodata._ZTV6SdFile
                0x0080022a        0x8 libraries/SdFile.o
                0x0080022a                vtable for SdFile
 .rodata._ZTV7TwoWire
                0x00800232       0x10 libraries/Wire.o
                0x00800232                vtable for TwoWire
 .rodata._ZTV14HardwareSerial
                0x00800242       0x10 D:\Workspace\atmelstudio\arduinoCore\Uno\libcore.a(HardwareSerial.cpp.o)
                0x00800242                vtable for HardwareSerial
 .rodata._ZTV9IPAddress
                0x00800252        0x6 D:\Workspace\atmelstudio\arduinoCore\Uno\libcore.a(IPAddress.cpp.o)
                0x00800252                vtable for IPAddress
 *(.gnu.linkonce.d*)
                0x00800258                . = ALIGN (0x2)
                0x00800258                _edata = .
                0x00800258                PROVIDE (__data_end, .)

.bss            0x00800258      0x58d
                0x00800258                PROVIDE (__bss_start, .)
 *(.bss)
 .bss           0x00800258       0x6e libraries/twi.o
 *(.bss*)
 .bss.i         0x008002c6        0x2 libraries/RTClib.o
                0x008002c6                i
 .bss.content_type_msg
                0x008002c8        0x4 libraries/TinyWebServer.o
                0x008002c8                content_type_msg
 .bss.mime_types
                0x008002cc        0x4 libraries/TinyWebServer.o
                0x008002cc                mime_types
 .bss._ZL6buffer
                0x008002d0       0xa0 libraries/TinyWebServer.o
 .bss._ZL11INADDR_NONE
                0x00800370        0x6 libraries/TinyWebServer.o
 .bss.EEPROM    0x00800376        0x1 libraries/EEPROM.o
                0x00800376                EEPROM
 .bss._ZL11INADDR_NONE
                0x00800377        0x6 libraries/Dhcp.o
 .bss._ZL11INADDR_NONE
                0x0080037d        0x6 libraries/Dns.o
 .bss.Ethernet  0x00800383        0x8 libraries/Ethernet.o
                0x00800383                Ethernet
 .bss._ZN13EthernetClass12_server_portE
                0x0080038b        0x8 libraries/Ethernet.o
                0x0080038b                EthernetClass::_server_port
 .bss._ZL11INADDR_NONE
                0x00800393        0x6 libraries/Ethernet.o
 .bss._ZL11INADDR_NONE
                0x00800399        0x6 libraries/EthernetClient.o
 .bss._ZL11INADDR_NONE
                0x0080039f        0x6 libraries/EthernetServer.o
 .bss._ZL11INADDR_NONE
                0x008003a5        0x6 libraries/EthernetUdp.o
 .bss._ZL10local_port
                0x008003ab        0x2 libraries/socket.o
 .bss.W5100     0x008003ad       0x10 libraries/w5100.o
                0x008003ad                W5100
 .bss.SD        0x008003bd       0x49 libraries/SD.o
                0x008003bd                SD
 .bss._ZN6SdFile9dateTime_E
                0x00800406        0x2 libraries/SdFile.o
                0x00800406                SdFile::dateTime_
 .bss._ZN8SdVolume17cacheMirrorBlock_E
                0x00800408        0x4 libraries/SdVolume.o
                0x00800408                SdVolume::cacheMirrorBlock_
 .bss._ZN8SdVolume11cacheDirty_E
                0x0080040c        0x1 libraries/SdVolume.o
                0x0080040c                SdVolume::cacheDirty_
 .bss._ZN8SdVolume7sdCard_E
                0x0080040d        0x2 libraries/SdVolume.o
                0x0080040d                SdVolume::sdCard_
 .bss._ZN8SdVolume12cacheBuffer_E
                0x0080040f      0x200 libraries/SdVolume.o
                0x0080040f                SdVolume::cacheBuffer_
 .bss.Wire      0x0080060f        0xc libraries/Wire.o
                0x0080060f                Wire
 .bss._ZN7TwoWire12transmittingE
                0x0080061b        0x1 libraries/Wire.o
                0x0080061b                TwoWire::transmitting
 .bss._ZN7TwoWire14txBufferLengthE
                0x0080061c        0x1 libraries/Wire.o
                0x0080061c                TwoWire::txBufferLength
 .bss._ZN7TwoWire13txBufferIndexE
                0x0080061d        0x1 libraries/Wire.o
                0x0080061d                TwoWire::txBufferIndex
 .bss._ZN7TwoWire8txBufferE
                0x0080061e       0x20 libraries/Wire.o
                0x0080061e                TwoWire::txBuffer
 .bss._ZN7TwoWire9txAddressE
                0x0080063e        0x1 libraries/Wire.o
                0x0080063e                TwoWire::txAddress
 .bss._ZN7TwoWire14rxBufferLengthE
                0x0080063f        0x1 libraries/Wire.o
                0x0080063f                TwoWire::rxBufferLength
 .bss._ZN7TwoWire13rxBufferIndexE
                0x00800640        0x1 libraries/Wire.o
                0x00800640                TwoWire::rxBufferIndex
 .bss._ZN7TwoWire8rxBufferE
                0x00800641       0x20 libraries/Wire.o
                0x00800641                TwoWire::rxBuffer
 .bss.med_intervall
                0x00800661        0x1 Logging.o
                0x00800661                med_intervall
 .bss.small_intervall
                0x00800662        0x1 Logging.o
                0x00800662                small_intervall
 .bss.intervall_cnt
                0x00800663        0x2 Logging.o
                0x00800663                intervall_cnt
 .bss.humidity  0x00800665        0x1 Logging.o
                0x00800665                humidity
 .bss.temperature
                0x00800666        0x2 Logging.o
                0x00800666                temperature
 .bss.ele_newImp
                0x00800668        0x1 Logging.o
                0x00800668                ele_newImp
 .bss.gas_newImp
                0x00800669        0x1 Logging.o
                0x00800669                gas_newImp
 .bss.ele_power
                0x0080066a        0x2 Logging.o
                0x0080066a                ele_power
 .bss.ele_timedelta
                0x0080066c        0x2 Logging.o
                0x0080066c                ele_timedelta
 .bss.ele_counter
                0x0080066e        0x2 Logging.o
                0x0080066e                ele_counter
 .bss.ele_meter
                0x00800670        0x4 Logging.o
                0x00800670                ele_meter
 .bss.last_GasInterrupt
                0x00800674        0x4 Logging.o
                0x00800674                last_GasInterrupt
 .bss.gas_power
                0x00800678        0x2 Logging.o
                0x00800678                gas_power
 .bss.gas_timedelta
                0x0080067a        0x2 Logging.o
                0x0080067a                gas_timedelta
 .bss.gas_meter
                0x0080067c        0x4 Logging.o
                0x0080067c                gas_meter
 .bss._ZZ10__vector_2E14last_interrupt
                0x00800680        0x4 Logging.o
 .bss._ZZ12check_newDayvE3day
                0x00800684        0x1 Logging.o
 .bss._ZL11INADDR_NONE
                0x00800685        0x6 Logging.o
 .bss.webserver_state
                0x0080068b        0x1 main.o
                0x0080068b                webserver_state
 .bss._ZL11INADDR_NONE
                0x0080068c        0x6 main.o
 .bss.parseMeter
                0x00800692        0x1 Webserver.o
                0x00800692                parseMeter
 .bss.parseValue
                0x00800693        0x4 Webserver.o
                0x00800693                parseValue
 .bss.pState    0x00800697        0x1 Webserver.o
                0x00800697                pState
 .bss.web       0x00800698       0x1e Webserver.o
                0x00800698                web
 .bss.file      0x008006b6       0x1d Webserver.o
                0x008006b6                file
 .bss.root      0x008006d3       0x1d Webserver.o
                0x008006d3                root
 .bss.volume    0x008006f0       0x1e Webserver.o
                0x008006f0                volume
 .bss.card      0x0080070e        0xc Webserver.o
                0x0080070e                card
 .bss.ip        0x0080071a        0x6 Webserver.o
                0x0080071a                ip
 .bss._ZL11INADDR_NONE
                0x00800720        0x6 Webserver.o
 .bss.timer0_overflow_count
                0x00800726        0x4 D:\Workspace\atmelstudio\arduinoCore\Uno\libcore.a(wiring.c.o)
                0x00800726                timer0_overflow_count
 .bss.timer0_millis
                0x0080072a        0x4 D:\Workspace\atmelstudio\arduinoCore\Uno\libcore.a(wiring.c.o)
                0x0080072a                timer0_millis
 .bss.timer0_fract
                0x0080072e        0x1 D:\Workspace\atmelstudio\arduinoCore\Uno\libcore.a(wiring.c.o)
 .bss.rx_buffer
                0x0080072f       0x44 D:\Workspace\atmelstudio\arduinoCore\Uno\libcore.a(HardwareSerial.cpp.o)
                0x0080072f                rx_buffer
 .bss.tx_buffer
                0x00800773       0x44 D:\Workspace\atmelstudio\arduinoCore\Uno\libcore.a(HardwareSerial.cpp.o)
                0x00800773                tx_buffer
 .bss.Serial    0x008007b7       0x22 D:\Workspace\atmelstudio\arduinoCore\Uno\libcore.a(HardwareSerial.cpp.o)
                0x008007b7                Serial
 .bss._ZL11INADDR_NONE
                0x008007d9        0x6 D:\Workspace\atmelstudio\arduinoCore\Uno\libcore.a(IPAddress.cpp.o)
 *(COMMON)
 COMMON         0x008007df        0x2 c:/program files (x86)/atmel/atmel studio 6.0/extensions/atmel/avrgcc/3.4.1.95/avrtoolchain/bin/../lib/gcc/avr/4.6.2/../../../../avr/lib/avr5\libc.a(errno.o)
                0x008007df                errno
 COMMON         0x008007e1        0x4 c:/program files (x86)/atmel/atmel studio 6.0/extensions/atmel/avrgcc/3.4.1.95/avrtoolchain/bin/../lib/gcc/avr/4.6.2/../../../../avr/lib/avr5\libc.a(malloc.o)
                0x008007e1                __brkval
                0x008007e3                __flp
                0x008007e5                PROVIDE (__bss_end, .)
                0x00007cac                __data_load_start = LOADADDR (.data)
                0x00007e04                __data_load_end = (__data_load_start + SIZEOF (.data))

.noinit         0x008007e5        0x0
                0x008007e5                PROVIDE (__noinit_start, .)
 *(.noinit*)
                0x008007e5                PROVIDE (__noinit_end, .)
                0x008007e5                _end = .
                0x008007e5                PROVIDE (__heap_start, .)

.eeprom         0x00810000        0x0
 *(.eeprom*)
                0x00810000                __eeprom_end = .

.fuse
 *(.fuse)
 *(.lfuse)
 *(.hfuse)
 *(.efuse)

.lock
 *(.lock*)

.signature
 *(.signature*)

.stab           0x00000000     0x35f4
 *(.stab)
 .stab          0x00000000      0x6cc c:/program files (x86)/atmel/atmel studio 6.0/extensions/atmel/avrgcc/3.4.1.95/avrtoolchain/bin/../lib/gcc/avr/4.6.2/../../../../avr/lib/avr5/crtm328p.o
 .stab          0x000006cc       0x78 c:/program files (x86)/atmel/atmel studio 6.0/extensions/atmel/avrgcc/3.4.1.95/avrtoolchain/bin/../lib/gcc/avr/4.6.2/../../../../avr/lib/avr5\libm.a(addsf3.o)
                                 0x84 (size before relaxing)
 .stab          0x00000744      0x4bc c:/program files (x86)/atmel/atmel studio 6.0/extensions/atmel/avrgcc/3.4.1.95/avrtoolchain/bin/../lib/gcc/avr/4.6.2/../../../../avr/lib/avr5\libm.a(addsf3x.o)
                                0x4c8 (size before relaxing)
 .stab          0x00000c00       0x90 c:/program files (x86)/atmel/atmel studio 6.0/extensions/atmel/avrgcc/3.4.1.95/avrtoolchain/bin/../lib/gcc/avr/4.6.2/../../../../avr/lib/avr5\libm.a(cmpsf2.o)
                                 0x9c (size before relaxing)
 .stab          0x00000c90       0x48 c:/program files (x86)/atmel/atmel studio 6.0/extensions/atmel/avrgcc/3.4.1.95/avrtoolchain/bin/../lib/gcc/avr/4.6.2/../../../../avr/lib/avr5\libm.a(divsf3.o)
                                 0x54 (size before relaxing)
 .stab          0x00000cd8      0x510 c:/program files (x86)/atmel/atmel studio 6.0/extensions/atmel/avrgcc/3.4.1.95/avrtoolchain/bin/../lib/gcc/avr/4.6.2/../../../../avr/lib/avr5\libm.a(divsf3x.o)
                                0x51c (size before relaxing)
 .stab          0x000011e8       0x6c c:/program files (x86)/atmel/atmel studio 6.0/extensions/atmel/avrgcc/3.4.1.95/avrtoolchain/bin/../lib/gcc/avr/4.6.2/../../../../avr/lib/avr5\libm.a(fixsfsi.o)
                                 0x78 (size before relaxing)
 .stab          0x00001254      0x240 c:/program files (x86)/atmel/atmel studio 6.0/extensions/atmel/avrgcc/3.4.1.95/avrtoolchain/bin/../lib/gcc/avr/4.6.2/../../../../avr/lib/avr5\libm.a(fixunssfsi.o)
                                0x24c (size before relaxing)
 .stab          0x00001494      0x318 c:/program files (x86)/atmel/atmel studio 6.0/extensions/atmel/avrgcc/3.4.1.95/avrtoolchain/bin/../lib/gcc/avr/4.6.2/../../../../avr/lib/avr5\libm.a(floatsisf.o)
                                0x324 (size before relaxing)
 .stab          0x000017ac      0x1e0 c:/program files (x86)/atmel/atmel studio 6.0/extensions/atmel/avrgcc/3.4.1.95/avrtoolchain/bin/../lib/gcc/avr/4.6.2/../../../../avr/lib/avr5\libm.a(fp_cmp.o)
                                0x1ec (size before relaxing)
 .stab          0x0000198c       0x78 c:/program files (x86)/atmel/atmel studio 6.0/extensions/atmel/avrgcc/3.4.1.95/avrtoolchain/bin/../lib/gcc/avr/4.6.2/../../../../avr/lib/avr5\libm.a(fp_inf.o)
                                 0x84 (size before relaxing)
 .stab          0x00001a04       0x54 c:/program files (x86)/atmel/atmel studio 6.0/extensions/atmel/avrgcc/3.4.1.95/avrtoolchain/bin/../lib/gcc/avr/4.6.2/../../../../avr/lib/avr5\libm.a(fp_nan.o)
                                 0x60 (size before relaxing)
 .stab          0x00001a58       0x84 c:/program files (x86)/atmel/atmel studio 6.0/extensions/atmel/avrgcc/3.4.1.95/avrtoolchain/bin/../lib/gcc/avr/4.6.2/../../../../avr/lib/avr5\libm.a(fp_pscA.o)
                                 0x90 (size before relaxing)
 .stab          0x00001adc       0x84 c:/program files (x86)/atmel/atmel studio 6.0/extensions/atmel/avrgcc/3.4.1.95/avrtoolchain/bin/../lib/gcc/avr/4.6.2/../../../../avr/lib/avr5\libm.a(fp_pscB.o)
                                 0x90 (size before relaxing)
 .stab          0x00001b60       0xfc c:/program files (x86)/atmel/atmel studio 6.0/extensions/atmel/avrgcc/3.4.1.95/avrtoolchain/bin/../lib/gcc/avr/4.6.2/../../../../avr/lib/avr5\libm.a(fp_round.o)
                                0x108 (size before relaxing)
 .stab          0x00001c5c      0x1d4 c:/program files (x86)/atmel/atmel studio 6.0/extensions/atmel/avrgcc/3.4.1.95/avrtoolchain/bin/../lib/gcc/avr/4.6.2/../../../../avr/lib/avr5\libm.a(fp_split3.o)
                                0x1e0 (size before relaxing)
 .stab          0x00001e30       0x90 c:/program files (x86)/atmel/atmel studio 6.0/extensions/atmel/avrgcc/3.4.1.95/avrtoolchain/bin/../lib/gcc/avr/4.6.2/../../../../avr/lib/avr5\libm.a(fp_zero.o)
                                 0x9c (size before relaxing)
 .stab          0x00001ec0       0x6c c:/program files (x86)/atmel/atmel studio 6.0/extensions/atmel/avrgcc/3.4.1.95/avrtoolchain/bin/../lib/gcc/avr/4.6.2/../../../../avr/lib/avr5\libm.a(gesf2.o)
                                 0x78 (size before relaxing)
 .stab          0x00001f2c       0x48 c:/program files (x86)/atmel/atmel studio 6.0/extensions/atmel/avrgcc/3.4.1.95/avrtoolchain/bin/../lib/gcc/avr/4.6.2/../../../../avr/lib/avr5\libm.a(mulsf3.o)
                                 0x54 (size before relaxing)
 .stab          0x00001f74      0x4d4 c:/program files (x86)/atmel/atmel studio 6.0/extensions/atmel/avrgcc/3.4.1.95/avrtoolchain/bin/../lib/gcc/avr/4.6.2/../../../../avr/lib/avr5\libm.a(mulsf3x.o)